###############################################################################
#
# IAR ELF Linker V8.50.4.261/W32 for ARM                  24/Jun/2020  13:49:55
# Copyright 2007-2020 IAR Systems AB.
#
#    Output file  =
#        D:\PKNU2020\StudyCortex\PWM\EX3_UART_PIEZO\EWARM\EX3_UART_PIEZO\Exe\EX3_UART_PIEZO.out
#    Map file     =
#        D:\PKNU2020\StudyCortex\PWM\EX3_UART_PIEZO\EWARM\EX3_UART_PIEZO\List\EX3_UART_PIEZO.map
#    Command line =
#        -f C:\Users\JSC\AppData\Local\Temp\EWF366.tmp
#        (D:\PKNU2020\StudyCortex\PWM\EX3_UART_PIEZO\EWARM\EX3_UART_PIEZO\Obj\gpio.o
#        D:\PKNU2020\StudyCortex\PWM\EX3_UART_PIEZO\EWARM\EX3_UART_PIEZO\Obj\lcd.o
#        D:\PKNU2020\StudyCortex\PWM\EX3_UART_PIEZO\EWARM\EX3_UART_PIEZO\Obj\main.o
#        D:\PKNU2020\StudyCortex\PWM\EX3_UART_PIEZO\EWARM\EX3_UART_PIEZO\Obj\startup_stm32f405xx.o
#        D:\PKNU2020\StudyCortex\PWM\EX3_UART_PIEZO\EWARM\EX3_UART_PIEZO\Obj\stm32f4xx_hal.o
#        D:\PKNU2020\StudyCortex\PWM\EX3_UART_PIEZO\EWARM\EX3_UART_PIEZO\Obj\stm32f4xx_hal_cortex.o
#        D:\PKNU2020\StudyCortex\PWM\EX3_UART_PIEZO\EWARM\EX3_UART_PIEZO\Obj\stm32f4xx_hal_dma.o
#        D:\PKNU2020\StudyCortex\PWM\EX3_UART_PIEZO\EWARM\EX3_UART_PIEZO\Obj\stm32f4xx_hal_dma_ex.o
#        D:\PKNU2020\StudyCortex\PWM\EX3_UART_PIEZO\EWARM\EX3_UART_PIEZO\Obj\stm32f4xx_hal_exti.o
#        D:\PKNU2020\StudyCortex\PWM\EX3_UART_PIEZO\EWARM\EX3_UART_PIEZO\Obj\stm32f4xx_hal_flash.o
#        D:\PKNU2020\StudyCortex\PWM\EX3_UART_PIEZO\EWARM\EX3_UART_PIEZO\Obj\stm32f4xx_hal_flash_ex.o
#        D:\PKNU2020\StudyCortex\PWM\EX3_UART_PIEZO\EWARM\EX3_UART_PIEZO\Obj\stm32f4xx_hal_flash_ramfunc.o
#        D:\PKNU2020\StudyCortex\PWM\EX3_UART_PIEZO\EWARM\EX3_UART_PIEZO\Obj\stm32f4xx_hal_gpio.o
#        D:\PKNU2020\StudyCortex\PWM\EX3_UART_PIEZO\EWARM\EX3_UART_PIEZO\Obj\stm32f4xx_hal_msp.o
#        D:\PKNU2020\StudyCortex\PWM\EX3_UART_PIEZO\EWARM\EX3_UART_PIEZO\Obj\stm32f4xx_hal_pwr.o
#        D:\PKNU2020\StudyCortex\PWM\EX3_UART_PIEZO\EWARM\EX3_UART_PIEZO\Obj\stm32f4xx_hal_pwr_ex.o
#        D:\PKNU2020\StudyCortex\PWM\EX3_UART_PIEZO\EWARM\EX3_UART_PIEZO\Obj\stm32f4xx_hal_rcc.o
#        D:\PKNU2020\StudyCortex\PWM\EX3_UART_PIEZO\EWARM\EX3_UART_PIEZO\Obj\stm32f4xx_hal_rcc_ex.o
#        D:\PKNU2020\StudyCortex\PWM\EX3_UART_PIEZO\EWARM\EX3_UART_PIEZO\Obj\stm32f4xx_hal_tim.o
#        D:\PKNU2020\StudyCortex\PWM\EX3_UART_PIEZO\EWARM\EX3_UART_PIEZO\Obj\stm32f4xx_hal_tim_ex.o
#        D:\PKNU2020\StudyCortex\PWM\EX3_UART_PIEZO\EWARM\EX3_UART_PIEZO\Obj\stm32f4xx_hal_uart.o
#        D:\PKNU2020\StudyCortex\PWM\EX3_UART_PIEZO\EWARM\EX3_UART_PIEZO\Obj\stm32f4xx_it.o
#        D:\PKNU2020\StudyCortex\PWM\EX3_UART_PIEZO\EWARM\EX3_UART_PIEZO\Obj\system_stm32f4xx.o
#        D:\PKNU2020\StudyCortex\PWM\EX3_UART_PIEZO\EWARM\EX3_UART_PIEZO\Obj\tim.o
#        D:\PKNU2020\StudyCortex\PWM\EX3_UART_PIEZO\EWARM\EX3_UART_PIEZO\Obj\usart.o
#        --redirect _Printf=_PrintfFull --redirect _Scanf=_ScanfFull
#        --no_out_extension -o
#        D:\PKNU2020\StudyCortex\PWM\EX3_UART_PIEZO\EWARM\EX3_UART_PIEZO\Exe\EX3_UART_PIEZO.out
#        --map
#        D:\PKNU2020\StudyCortex\PWM\EX3_UART_PIEZO\EWARM\EX3_UART_PIEZO\List\EX3_UART_PIEZO.map
#        --config
#        D:\PKNU2020\StudyCortex\PWM\EX3_UART_PIEZO\EWARM/stm32f405xx_flash.icf
#        --semihosting --entry __iar_program_start --vfe --text_out locale)
#
###############################################################################

*******************************************************************************
*** RUNTIME MODEL ATTRIBUTES
***

CppFlavor       = *
__SystemLibrary = DLib
__dlib_version  = 6


*******************************************************************************
*** HEAP SELECTION
***

The basic heap was selected because some modules are built with
size limitations (and not runtime checking), and --advanced_heap
was not specified.


*******************************************************************************
*** PLACEMENT SUMMARY
***

"A0":  place at address 0x800'0000 { ro section .intvec };
"P1":  place in [from 0x800'0000 to 0x80f'ffff] { ro };
define block CSTACK with size = 1K, alignment = 8 { };
define block HEAP with size = 512, alignment = 8 { };
"P2":  place in [from 0x2000'0000 to 0x2001'ffff] {
          rw, block CSTACK, block HEAP };
initialize by copy { rw };

  Section            Kind         Address    Size  Object
  -------            ----         -------    ----  ------
"A0":                                       0x188
  .intvec            ro code   0x800'0000   0x188  startup_stm32f405xx.o [1]
                             - 0x800'0188   0x188

"P1":                                      0x1ad0
  .text              ro code   0x800'0188   0x4f6  stm32f4xx_hal_tim.o [1]
  .text              ro code   0x800'067e    0x3a  zero_init3.o [4]
  .text              ro code   0x800'06b8   0x120  tim.o [1]
  .text              ro code   0x800'07d8     0x2  stm32f4xx_hal_tim.o [1]
  .text              ro code   0x800'07da    0x14  memset.o [4]
  .text              ro code   0x800'07ee    0x2e  copy_init3.o [4]
  .text              ro code   0x800'081c   0x15e  main.o [1]
  .text              ro code   0x800'097c    0x8c  stm32f4xx_hal_tim_ex.o [1]
  .text              ro code   0x800'0a08   0x1dc  stm32f4xx_hal_gpio.o [1]
  .text              ro code   0x800'0be4    0x66  ABImemset.o [4]
  .text              ro code   0x800'0c4c    0x34  stm32f4xx_hal.o [1]
  .text              ro code   0x800'0c80    0x38  gpio.o [1]
  .text              ro code   0x800'0cb8    0xb4  usart.o [1]
  .text              ro code   0x800'0d6c   0x4ec  stm32f4xx_hal_uart.o [1]
  .text              ro code   0x800'1258   0x310  stm32f4xx_hal_rcc.o [1]
  .text              ro code   0x800'1568   0x1ac  stm32f4xx_hal_rcc.o [1]
  .text              ro code   0x800'1714    0x28  stm32f4xx_hal.o [1]
  .text              ro code   0x800'173c    0xc4  stm32f4xx_hal_cortex.o [1]
  .text              ro code   0x800'1800    0x40  stm32f4xx_hal.o [1]
  .text              ro code   0x800'1840    0x38  stm32f4xx_hal_msp.o [1]
  .text              ro code   0x800'1878     0xc  stm32f4xx_hal.o [1]
  .text              ro code   0x800'1884    0x24  stm32f4xx_hal_dma.o [1]
  .text              ro code   0x800'18a8     0x2  stm32f4xx_hal_uart.o [1]
  .text              ro code   0x800'18aa     0x2  stm32f4xx_hal_uart.o [1]
  .text              ro code   0x800'18ac   0x106  I64DivMod_small.o [4]
  .text              ro code   0x800'19b4     0x2  I64DivZer.o [4]
  Initializer bytes  const     0x800'19b8    0x34  <for P2-1>
  .text              ro code   0x800'19ec    0x2c  system_stm32f4xx.o [1]
  .text              ro code   0x800'1a18    0x28  data_init.o [4]
  .text              ro code   0x800'1a40    0x22  fpinit_M.o [3]
  .iar.init_table    const     0x800'1a64    0x24  - Linker created -
  .text              ro code   0x800'1a88    0x20  stm32f4xx_it.o [1]
  .text              ro code   0x800'1aa8    0x10  stm32f4xx_hal.o [1]
  .text              ro code   0x800'1ab8    0x1e  cmain.o [4]
  .text              ro code   0x800'1ad6     0x4  low_level_init.o [2]
  .text              ro code   0x800'1ada     0x4  exit.o [2]
  .text              ro code   0x800'1ae0     0xa  cexit.o [4]
  .text              ro code   0x800'1aec    0x14  exit.o [5]
  .text              ro code   0x800'1b00    0x10  startup_stm32f405xx.o [1]
  .text              ro code   0x800'1b10     0xc  cstartup_M.o [4]
  .rodata            const     0x800'1b1c     0x8  system_stm32f4xx.o [1]
  .text              ro code   0x800'1b24     0x4  startup_stm32f405xx.o [1]
  .text              ro code   0x800'1b28     0x4  startup_stm32f405xx.o [1]
  .text              ro code   0x800'1b2c     0x4  startup_stm32f405xx.o [1]
  .text              ro code   0x800'1b30     0x4  startup_stm32f405xx.o [1]
  .text              ro code   0x800'1b34     0x4  startup_stm32f405xx.o [1]
  .text              ro code   0x800'1b38     0x4  startup_stm32f405xx.o [1]
  .text              ro code   0x800'1b3c     0x4  startup_stm32f405xx.o [1]
  .text              ro code   0x800'1b40     0x4  startup_stm32f405xx.o [1]
  .text              ro code   0x800'1b44     0x4  startup_stm32f405xx.o [1]
  .text              ro code   0x800'1b48     0x4  startup_stm32f405xx.o [1]
  .text              ro code   0x800'1b4c     0x4  startup_stm32f405xx.o [1]
  .text              ro code   0x800'1b50     0x4  startup_stm32f405xx.o [1]
  .text              ro code   0x800'1b54     0x4  startup_stm32f405xx.o [1]
  .text              ro code   0x800'1b58     0x4  startup_stm32f405xx.o [1]
  .text              ro code   0x800'1b5c     0x4  startup_stm32f405xx.o [1]
  .text              ro code   0x800'1b60     0x4  startup_stm32f405xx.o [1]
  .text              ro code   0x800'1b64     0x4  startup_stm32f405xx.o [1]
  .text              ro code   0x800'1b68     0x4  startup_stm32f405xx.o [1]
  .text              ro code   0x800'1b6c     0x4  startup_stm32f405xx.o [1]
  .text              ro code   0x800'1b70     0x4  startup_stm32f405xx.o [1]
  .text              ro code   0x800'1b74     0x4  startup_stm32f405xx.o [1]
  .text              ro code   0x800'1b78     0x4  startup_stm32f405xx.o [1]
  .text              ro code   0x800'1b7c     0x4  startup_stm32f405xx.o [1]
  .text              ro code   0x800'1b80     0x4  startup_stm32f405xx.o [1]
  .text              ro code   0x800'1b84     0x4  startup_stm32f405xx.o [1]
  .text              ro code   0x800'1b88     0x4  startup_stm32f405xx.o [1]
  .text              ro code   0x800'1b8c     0x4  startup_stm32f405xx.o [1]
  .text              ro code   0x800'1b90     0x4  startup_stm32f405xx.o [1]
  .text              ro code   0x800'1b94     0x4  startup_stm32f405xx.o [1]
  .text              ro code   0x800'1b98     0x4  startup_stm32f405xx.o [1]
  .text              ro code   0x800'1b9c     0x4  startup_stm32f405xx.o [1]
  .text              ro code   0x800'1ba0     0x4  startup_stm32f405xx.o [1]
  .text              ro code   0x800'1ba4     0x4  startup_stm32f405xx.o [1]
  .text              ro code   0x800'1ba8     0x4  startup_stm32f405xx.o [1]
  .text              ro code   0x800'1bac     0x4  startup_stm32f405xx.o [1]
  .text              ro code   0x800'1bb0     0x4  startup_stm32f405xx.o [1]
  .text              ro code   0x800'1bb4     0x4  startup_stm32f405xx.o [1]
  .text              ro code   0x800'1bb8     0x4  startup_stm32f405xx.o [1]
  .text              ro code   0x800'1bbc     0x4  startup_stm32f405xx.o [1]
  .text              ro code   0x800'1bc0     0x4  startup_stm32f405xx.o [1]
  .text              ro code   0x800'1bc4     0x4  startup_stm32f405xx.o [1]
  .text              ro code   0x800'1bc8     0x4  startup_stm32f405xx.o [1]
  .text              ro code   0x800'1bcc     0x4  startup_stm32f405xx.o [1]
  .text              ro code   0x800'1bd0     0x4  startup_stm32f405xx.o [1]
  .text              ro code   0x800'1bd4     0x4  startup_stm32f405xx.o [1]
  .text              ro code   0x800'1bd8     0x4  startup_stm32f405xx.o [1]
  .text              ro code   0x800'1bdc     0x4  startup_stm32f405xx.o [1]
  .text              ro code   0x800'1be0     0x4  startup_stm32f405xx.o [1]
  .text              ro code   0x800'1be4     0x4  startup_stm32f405xx.o [1]
  .text              ro code   0x800'1be8     0x4  startup_stm32f405xx.o [1]
  .text              ro code   0x800'1bec     0x4  startup_stm32f405xx.o [1]
  .text              ro code   0x800'1bf0     0x4  startup_stm32f405xx.o [1]
  .text              ro code   0x800'1bf4     0x4  startup_stm32f405xx.o [1]
  .text              ro code   0x800'1bf8     0x4  startup_stm32f405xx.o [1]
  .text              ro code   0x800'1bfc     0x4  startup_stm32f405xx.o [1]
  .text              ro code   0x800'1c00     0x4  startup_stm32f405xx.o [1]
  .text              ro code   0x800'1c04     0x4  startup_stm32f405xx.o [1]
  .text              ro code   0x800'1c08     0x4  startup_stm32f405xx.o [1]
  .text              ro code   0x800'1c0c     0x4  startup_stm32f405xx.o [1]
  .text              ro code   0x800'1c10     0x4  startup_stm32f405xx.o [1]
  .text              ro code   0x800'1c14     0x4  startup_stm32f405xx.o [1]
  .text              ro code   0x800'1c18     0x4  startup_stm32f405xx.o [1]
  .text              ro code   0x800'1c1c     0x4  startup_stm32f405xx.o [1]
  .text              ro code   0x800'1c20     0x4  startup_stm32f405xx.o [1]
  .text              ro code   0x800'1c24     0x4  startup_stm32f405xx.o [1]
  .text              ro code   0x800'1c28     0x4  startup_stm32f405xx.o [1]
  .text              ro code   0x800'1c2c     0x4  startup_stm32f405xx.o [1]
  .text              ro code   0x800'1c30     0x4  startup_stm32f405xx.o [1]
  .text              ro code   0x800'1c34     0x4  startup_stm32f405xx.o [1]
  .text              ro code   0x800'1c38     0x4  startup_stm32f405xx.o [1]
  .text              ro code   0x800'1c3c     0x4  startup_stm32f405xx.o [1]
  .text              ro code   0x800'1c40     0x4  startup_stm32f405xx.o [1]
  .text              ro code   0x800'1c44     0x4  startup_stm32f405xx.o [1]
  .text              ro code   0x800'1c48     0x4  startup_stm32f405xx.o [1]
  .text              ro code   0x800'1c4c     0x4  startup_stm32f405xx.o [1]
  .text              ro code   0x800'1c50     0x4  startup_stm32f405xx.o [1]
  .text              ro code   0x800'1c54     0x4  startup_stm32f405xx.o [1]
  .rodata            const     0x800'1c58     0x0  zero_init3.o [4]
  .rodata            const     0x800'1c58     0x0  copy_init3.o [4]
                             - 0x800'1c58  0x1ad0

"P2", part 1 of 3:                           0x34
  P2-1                        0x2000'0000    0x34  <Init block>
    .data            inited   0x2000'0000    0x24  main.o [1]
    .data            inited   0x2000'0024     0xc  stm32f4xx_hal.o [1]
    .data            inited   0x2000'0030     0x4  system_stm32f4xx.o [1]
                            - 0x2000'0034    0x34

"P2", part 2 of 3:                           0x84
  .bss               zero     0x2000'0034    0x40  tim.o [1]
  .bss               zero     0x2000'0074    0x40  usart.o [1]
  .bss               zero     0x2000'00b4     0x2  main.o [1]
                            - 0x2000'00b6    0x82

"P2", part 3 of 3:                          0x400
  CSTACK                      0x2000'00b8   0x400  <Block>
    CSTACK           uninit   0x2000'00b8   0x400  <Block tail>
                            - 0x2000'04b8   0x400

Unused ranges:

         From           To      Size
         ----           --      ----
   0x800'1c58   0x80f'ffff  0xf'e3a8
  0x2000'04b8  0x2001'ffff  0x1'fb48


*******************************************************************************
*** INIT TABLE
***

          Address      Size
          -------      ----
Zero (__iar_zero_init3)
    1 destination range, total size 0x82:
          0x2000'0034  0x82

Copy (__iar_copy_init3)
    1 source range, total size 0x34:
           0x800'19b8  0x34
    1 destination range, total size 0x34:
          0x2000'0000  0x34



*******************************************************************************
*** MODULE SUMMARY
***

    Module                  ro code  ro data  rw data
    ------                  -------  -------  -------
command line/config:
    -------------------------------------------------
    Total:

D:\PKNU2020\StudyCortex\PWM\EX3_UART_PIEZO\EWARM\EX3_UART_PIEZO\Obj: [1]
    gpio.o                       56
    main.o                      350       36       38
    startup_stm32f405xx.o       716
    stm32f4xx_hal.o             184       12       12
    stm32f4xx_hal_cortex.o      196
    stm32f4xx_hal_dma.o          36
    stm32f4xx_hal_gpio.o        476
    stm32f4xx_hal_msp.o          56
    stm32f4xx_hal_rcc.o       1'212
    stm32f4xx_hal_tim.o       1'272
    stm32f4xx_hal_tim_ex.o      140
    stm32f4xx_hal_uart.o      1'264
    stm32f4xx_it.o               32
    system_stm32f4xx.o           44       12        4
    tim.o                       288                64
    usart.o                     180                64
    -------------------------------------------------
    Total:                    6'502       60      182

dl7M_tlf.a: [2]
    exit.o                        4
    low_level_init.o              4
    -------------------------------------------------
    Total:                        8

m7M_tls.a: [3]
    fpinit_M.o                   34
    -------------------------------------------------
    Total:                       34

rt7M_tl.a: [4]
    ABImemset.o                 102
    I64DivMod_small.o           262
    I64DivZer.o                   2
    cexit.o                      10
    cmain.o                      30
    copy_init3.o                 46
    cstartup_M.o                 12
    data_init.o                  40
    memset.o                     20
    zero_init3.o                 58
    -------------------------------------------------
    Total:                      582

shb_l.a: [5]
    exit.o                       20
    -------------------------------------------------
    Total:                       20

    Gaps                         10        2
    Linker created                        38    1'024
-----------------------------------------------------
    Grand Total:              7'156      100    1'206


*******************************************************************************
*** ENTRY LIST
***

Entry                       Address   Size  Type      Object
-----                       -------   ----  ----      ------
.iar.init_table$$Base    0x800'1a64          --   Gb  - Linker created -
.iar.init_table$$Limit   0x800'1a88          --   Gb  - Linker created -
?main                    0x800'1ab9         Code  Gb  cmain.o [4]
AHBPrescTable            0x800'1a08   0x10  Data  Gb  system_stm32f4xx.o [1]
APBPrescTable            0x800'1b1c    0x8  Data  Gb  system_stm32f4xx.o [1]
BusFault_Handler         0x800'1a8f    0x2  Code  Gb  stm32f4xx_it.o [1]
CSTACK$$Base            0x2000'00b8          --   Gb  - Linker created -
CSTACK$$Limit           0x2000'04b8          --   Gb  - Linker created -
DebugMon_Handler         0x800'1a95    0x2  Code  Gb  stm32f4xx_it.o [1]
DoReMi                  0x2000'0000   0x20  Data  Gb  main.o [1]
Error_Handler            0x800'0979    0x2  Code  Gb  main.o [1]
HAL_DMA_Abort_IT         0x800'1885   0x24  Code  Gb  stm32f4xx_hal_dma.o [1]
HAL_Delay                0x800'1715   0x28  Code  Wk  stm32f4xx_hal.o [1]
HAL_GPIO_Init            0x800'0a09  0x1ae  Code  Gb  stm32f4xx_hal_gpio.o [1]
HAL_GetTick              0x800'1879    0xc  Code  Wk  stm32f4xx_hal.o [1]
HAL_IncTick              0x800'1aa9   0x10  Code  Wk  stm32f4xx_hal.o [1]
HAL_Init                 0x800'0c4d   0x30  Code  Gb  stm32f4xx_hal.o [1]
HAL_InitTick             0x800'1801   0x40  Code  Wk  stm32f4xx_hal.o [1]
HAL_MspInit              0x800'1841   0x38  Code  Gb  stm32f4xx_hal_msp.o [1]
HAL_NVIC_EnableIRQ       0x800'17ab   0x16  Code  Gb  stm32f4xx_hal_cortex.o [1]
HAL_NVIC_SetPriority     0x800'1771   0x3a  Code  Gb  stm32f4xx_hal_cortex.o [1]
HAL_NVIC_SetPriorityGrouping
                         0x800'1757   0x1a  Code  Gb  stm32f4xx_hal_cortex.o [1]
HAL_RCC_ClockConfig      0x800'1569  0x100  Code  Gb  stm32f4xx_hal_rcc.o [1]
HAL_RCC_GetPCLK1Freq     0x800'1675   0x10  Code  Gb  stm32f4xx_hal_rcc.o [1]
HAL_RCC_GetPCLK2Freq     0x800'1685    0xe  Code  Gb  stm32f4xx_hal_rcc.o [1]
HAL_RCC_OscConfig        0x800'1259  0x310  Code  Wk  stm32f4xx_hal_rcc.o [1]
HAL_SYSTICK_Config       0x800'17c1   0x28  Code  Gb  stm32f4xx_hal_cortex.o [1]
HAL_TIMEx_MasterConfigSynchronization
                         0x800'097d   0x6e  Code  Gb  stm32f4xx_hal_tim_ex.o [1]
HAL_TIM_Base_Init        0x800'0189   0x1a  Code  Gb  stm32f4xx_hal_tim.o [1]
HAL_TIM_Base_MspInit     0x800'0753   0x26  Code  Gb  tim.o [1]
HAL_TIM_ConfigClockSource
                         0x800'0321   0x90  Code  Gb  stm32f4xx_hal_tim.o [1]
HAL_TIM_MspPostInit      0x800'0779   0x4e  Code  Gb  tim.o [1]
HAL_TIM_PWM_ConfigChannel
                         0x800'0231   0xbc  Code  Gb  stm32f4xx_hal_tim.o [1]
HAL_TIM_PWM_Init         0x800'01d7   0x1a  Code  Gb  stm32f4xx_hal_tim.o [1]
HAL_TIM_PWM_Start        0x800'01f1   0x14  Code  Gb  stm32f4xx_hal_tim.o [1]
HAL_UART_IRQHandler      0x800'0ef7  0x15c  Code  Gb  stm32f4xx_hal_uart.o [1]
HAL_UART_Init            0x800'0d6d   0x1e  Code  Gb  stm32f4xx_hal_uart.o [1]
HAL_UART_MspInit         0x800'0ce7   0x76  Code  Gb  usart.o [1]
HAL_UART_Receive_IT      0x800'0e95   0x56  Code  Gb  stm32f4xx_hal_uart.o [1]
HAL_UART_RxCpltCallback
                         0x800'08f1   0x2c  Code  Gb  main.o [1]
HAL_UART_Transmit        0x800'0de3   0xaa  Code  Gb  stm32f4xx_hal_uart.o [1]
HardFault_Handler        0x800'1a8b    0x2  Code  Gb  stm32f4xx_it.o [1]
Input                   0x2000'00b5    0x1  Data  Gb  main.o [1]
LEDA                     0x800'091d   0x38  Code  Gb  main.o [1]
MX_GPIO_Init             0x800'0c81   0x38  Code  Gb  gpio.o [1]
MX_TIM2_Init             0x800'06b9   0x9a  Code  Gb  tim.o [1]
MX_USART1_UART_Init      0x800'0cb9   0x2e  Code  Gb  usart.o [1]
MemManage_Handler        0x800'1a8d    0x2  Code  Gb  stm32f4xx_it.o [1]
NMI_Handler              0x800'1a89    0x2  Code  Gb  stm32f4xx_it.o [1]
PendSV_Handler           0x800'1a97    0x2  Code  Gb  stm32f4xx_it.o [1]
Region$$Table$$Base      0x800'1a64          --   Gb  - Linker created -
Region$$Table$$Limit     0x800'1a88          --   Gb  - Linker created -
SVC_Handler              0x800'1a93    0x2  Code  Gb  stm32f4xx_it.o [1]
SysTick_Handler          0x800'1a99    0x4  Code  Gb  stm32f4xx_it.o [1]
SystemClock_Config       0x800'085b   0x96  Code  Gb  main.o [1]
SystemCoreClock         0x2000'0030    0x4  Data  Gb  system_stm32f4xx.o [1]
SystemInit               0x800'19ed   0x14  Code  Gb  system_stm32f4xx.o [1]
TIM_Base_SetConfig       0x800'03db   0x96  Code  Gb  stm32f4xx_hal_tim.o [1]
TIM_CCxChannelCmd        0x800'0663   0x16  Code  Gb  stm32f4xx_hal_tim.o [1]
TIM_ETR_SetConfig        0x800'064f   0x14  Code  Gb  stm32f4xx_hal_tim.o [1]
TIM_ITRx_SetConfig       0x800'063f   0x10  Code  Lc  stm32f4xx_hal_tim.o [1]
TIM_OC1_SetConfig        0x800'0471   0x58  Code  Lc  stm32f4xx_hal_tim.o [1]
TIM_OC2_SetConfig        0x800'04c9   0x60  Code  Gb  stm32f4xx_hal_tim.o [1]
TIM_OC3_SetConfig        0x800'0529   0x5e  Code  Lc  stm32f4xx_hal_tim.o [1]
TIM_OC4_SetConfig        0x800'0587   0x46  Code  Lc  stm32f4xx_hal_tim.o [1]
TIM_TI1_ConfigInputStage
                         0x800'05fd   0x1e  Code  Lc  stm32f4xx_hal_tim.o [1]
TIM_TI2_ConfigInputStage
                         0x800'061b   0x24  Code  Lc  stm32f4xx_hal_tim.o [1]
UART_DMAAbortOnError     0x800'10d5    0xc  Code  Lc  stm32f4xx_hal_uart.o [1]
UART_EndRxTransfer       0x800'10b7   0x1c  Code  Lc  stm32f4xx_hal_uart.o [1]
UART_Receive_IT          0x800'10e1   0x92  Code  Lc  stm32f4xx_hal_uart.o [1]
UART_SetConfig           0x800'1173   0xca  Code  Lc  stm32f4xx_hal_uart.o [1]
UART_WaitOnFlagUntilTimeout
                         0x800'1053   0x56  Code  Lc  stm32f4xx_hal_uart.o [1]
USART1_IRQHandler        0x800'1a9d    0x6  Code  Gb  stm32f4xx_it.o [1]
UsageFault_Handler       0x800'1a91    0x2  Code  Gb  stm32f4xx_it.o [1]
__NVIC_SetPriority       0x800'173d   0x1a  Code  Lc  stm32f4xx_hal_cortex.o [1]
__aeabi_ldiv0            0x800'19b5         Code  Gb  I64DivZer.o [4]
__aeabi_memset           0x800'0be5         Code  Gb  ABImemset.o [4]
__cmain                  0x800'1ab9         Code  Gb  cmain.o [4]
__exit                   0x800'1aed   0x14  Code  Gb  exit.o [5]
__iar_Memset             0x800'0be5         Code  Gb  ABImemset.o [4]
__iar_Memset_word        0x800'0bed         Code  Gb  ABImemset.o [4]
__iar_copy_init3         0x800'07ef   0x2e  Code  Gb  copy_init3.o [4]
__iar_data_init3         0x800'1a19   0x28  Code  Gb  data_init.o [4]
__iar_init_vfp           0x800'1a41         Code  Gb  fpinit_M.o [3]
__iar_program_start      0x800'1b11         Code  Gb  cstartup_M.o [4]
__iar_small_uldivmod     0x800'18ad         Code  Gb  I64DivMod_small.o [4]
__iar_zero_init3         0x800'067f   0x3a  Code  Gb  zero_init3.o [4]
__low_level_init         0x800'1ad7    0x4  Code  Gb  low_level_init.o [2]
__vector_table           0x800'0000         Data  Gb  startup_stm32f405xx.o [1]
_call_main               0x800'1ac5         Code  Gb  cmain.o [4]
_exit                    0x800'1ae1         Code  Gb  cexit.o [4]
_main                    0x800'1ad3         Code  Gb  cmain.o [4]
exit                     0x800'1adb    0x4  Code  Gb  exit.o [2]
htim2                   0x2000'0034   0x40  Data  Gb  tim.o [1]
huart1                  0x2000'0074   0x40  Data  Gb  usart.o [1]
main                     0x800'081d   0x3e  Code  Gb  main.o [1]
memset                   0x800'07db   0x14  Code  Gb  memset.o [4]
pwmfreq                 0x2000'0020    0x4  Data  Gb  main.o [1]
rxData                  0x2000'00b4    0x1  Data  Gb  main.o [1]
uwTick                  0x2000'0028    0x4  Data  Gb  stm32f4xx_hal.o [1]
uwTickFreq              0x2000'0024    0x1  Data  Gb  stm32f4xx_hal.o [1]
uwTickPrio              0x2000'002c    0x4  Data  Gb  stm32f4xx_hal.o [1]


[1] = D:\PKNU2020\StudyCortex\PWM\EX3_UART_PIEZO\EWARM\EX3_UART_PIEZO\Obj
[2] = dl7M_tlf.a
[3] = m7M_tls.a
[4] = rt7M_tl.a
[5] = shb_l.a

  7'156 bytes of readonly  code memory
    100 bytes of readonly  data memory
  1'206 bytes of readwrite data memory

Errors: none
Warnings: none
