###############################################################################
#
# IAR ELF Linker V8.50.4.261/W32 for ARM                  25/Jun/2020  09:41:00
# Copyright 2007-2020 IAR Systems AB.
#
#    Output file  =
#        D:\PKNU2020\StudyCortex\DCMOTOR\PWM_DCMOTOR\EWARM\PWM_DCMOTOR\Exe\PWM_DCMOTOR.out
#    Map file     =
#        D:\PKNU2020\StudyCortex\DCMOTOR\PWM_DCMOTOR\EWARM\PWM_DCMOTOR\List\PWM_DCMOTOR.map
#    Command line =
#        -f C:\Users\JSC\AppData\Local\Temp\EW1B82.tmp
#        (D:\PKNU2020\StudyCortex\DCMOTOR\PWM_DCMOTOR\EWARM\PWM_DCMOTOR\Obj\gpio.o
#        D:\PKNU2020\StudyCortex\DCMOTOR\PWM_DCMOTOR\EWARM\PWM_DCMOTOR\Obj\main.o
#        D:\PKNU2020\StudyCortex\DCMOTOR\PWM_DCMOTOR\EWARM\PWM_DCMOTOR\Obj\startup_stm32f405xx.o
#        D:\PKNU2020\StudyCortex\DCMOTOR\PWM_DCMOTOR\EWARM\PWM_DCMOTOR\Obj\stm32f4xx_hal.o
#        D:\PKNU2020\StudyCortex\DCMOTOR\PWM_DCMOTOR\EWARM\PWM_DCMOTOR\Obj\stm32f4xx_hal_cortex.o
#        D:\PKNU2020\StudyCortex\DCMOTOR\PWM_DCMOTOR\EWARM\PWM_DCMOTOR\Obj\stm32f4xx_hal_dma.o
#        D:\PKNU2020\StudyCortex\DCMOTOR\PWM_DCMOTOR\EWARM\PWM_DCMOTOR\Obj\stm32f4xx_hal_dma_ex.o
#        D:\PKNU2020\StudyCortex\DCMOTOR\PWM_DCMOTOR\EWARM\PWM_DCMOTOR\Obj\stm32f4xx_hal_exti.o
#        D:\PKNU2020\StudyCortex\DCMOTOR\PWM_DCMOTOR\EWARM\PWM_DCMOTOR\Obj\stm32f4xx_hal_flash.o
#        D:\PKNU2020\StudyCortex\DCMOTOR\PWM_DCMOTOR\EWARM\PWM_DCMOTOR\Obj\stm32f4xx_hal_flash_ex.o
#        D:\PKNU2020\StudyCortex\DCMOTOR\PWM_DCMOTOR\EWARM\PWM_DCMOTOR\Obj\stm32f4xx_hal_flash_ramfunc.o
#        D:\PKNU2020\StudyCortex\DCMOTOR\PWM_DCMOTOR\EWARM\PWM_DCMOTOR\Obj\stm32f4xx_hal_gpio.o
#        D:\PKNU2020\StudyCortex\DCMOTOR\PWM_DCMOTOR\EWARM\PWM_DCMOTOR\Obj\stm32f4xx_hal_msp.o
#        D:\PKNU2020\StudyCortex\DCMOTOR\PWM_DCMOTOR\EWARM\PWM_DCMOTOR\Obj\stm32f4xx_hal_pwr.o
#        D:\PKNU2020\StudyCortex\DCMOTOR\PWM_DCMOTOR\EWARM\PWM_DCMOTOR\Obj\stm32f4xx_hal_pwr_ex.o
#        D:\PKNU2020\StudyCortex\DCMOTOR\PWM_DCMOTOR\EWARM\PWM_DCMOTOR\Obj\stm32f4xx_hal_rcc.o
#        D:\PKNU2020\StudyCortex\DCMOTOR\PWM_DCMOTOR\EWARM\PWM_DCMOTOR\Obj\stm32f4xx_hal_rcc_ex.o
#        D:\PKNU2020\StudyCortex\DCMOTOR\PWM_DCMOTOR\EWARM\PWM_DCMOTOR\Obj\stm32f4xx_hal_tim.o
#        D:\PKNU2020\StudyCortex\DCMOTOR\PWM_DCMOTOR\EWARM\PWM_DCMOTOR\Obj\stm32f4xx_hal_tim_ex.o
#        D:\PKNU2020\StudyCortex\DCMOTOR\PWM_DCMOTOR\EWARM\PWM_DCMOTOR\Obj\stm32f4xx_it.o
#        D:\PKNU2020\StudyCortex\DCMOTOR\PWM_DCMOTOR\EWARM\PWM_DCMOTOR\Obj\system_stm32f4xx.o
#        D:\PKNU2020\StudyCortex\DCMOTOR\PWM_DCMOTOR\EWARM\PWM_DCMOTOR\Obj\tim.o
#        --redirect _Printf=_PrintfFull --redirect _Scanf=_ScanfFull
#        --no_out_extension -o
#        D:\PKNU2020\StudyCortex\DCMOTOR\PWM_DCMOTOR\EWARM\PWM_DCMOTOR\Exe\PWM_DCMOTOR.out
#        --map
#        D:\PKNU2020\StudyCortex\DCMOTOR\PWM_DCMOTOR\EWARM\PWM_DCMOTOR\List\PWM_DCMOTOR.map
#        --config
#        D:\PKNU2020\StudyCortex\DCMOTOR\PWM_DCMOTOR\EWARM/stm32f405xx_flash.icf
#        --semihosting --entry __iar_program_start --vfe --text_out locale)
#
###############################################################################

*******************************************************************************
*** RUNTIME MODEL ATTRIBUTES
***

CppFlavor       = *
__SystemLibrary = DLib
__dlib_version  = 6


*******************************************************************************
*** HEAP SELECTION
***

The basic heap was selected because some modules are built with
size limitations (and not runtime checking), and --advanced_heap
was not specified.


*******************************************************************************
*** PLACEMENT SUMMARY
***

"A0":  place at address 0x800'0000 { ro section .intvec };
"P1":  place in [from 0x800'0000 to 0x80f'ffff] { ro };
define block CSTACK with size = 1K, alignment = 8 { };
define block HEAP with size = 512, alignment = 8 { };
"P2":  place in [from 0x2000'0000 to 0x2001'ffff] {
          rw, block CSTACK, block HEAP };
initialize by copy { rw };

  Section            Kind         Address    Size  Object
  -------            ----         -------    ----  ------
"A0":                                       0x188
  .intvec            ro code   0x800'0000   0x188  startup_stm32f405xx.o [1]
                             - 0x800'0188   0x188

"P1":                                      0x15cd
  .text              ro code   0x800'0188   0x63e  stm32f4xx_hal_tim.o [1]
  .text              ro code   0x800'07c8   0x138  tim.o [1]
  .text              ro code   0x800'0900     0x2  stm32f4xx_hal_tim.o [1]
  .text              ro code   0x800'0902     0x2  stm32f4xx_hal_tim.o [1]
  .text              ro code   0x800'0904     0x2  stm32f4xx_hal_tim.o [1]
  .text              ro code   0x800'0906     0x2  stm32f4xx_hal_tim.o [1]
  .text              ro code   0x800'0908     0x2  stm32f4xx_hal_tim_ex.o [1]
  .text              ro code   0x800'090a     0x2  stm32f4xx_hal_tim.o [1]
  .text              ro code   0x800'090c     0x2  stm32f4xx_hal_tim_ex.o [1]
  .text              ro code   0x800'090e     0x2  stm32f4xx_hal_tim.o [1]
  .text              ro code   0x800'0910    0x14  memset.o [4]
  .text              ro code   0x800'0924   0x102  main.o [1]
  .text              ro code   0x800'0a28    0x8c  stm32f4xx_hal_tim_ex.o [1]
  .text              ro code   0x800'0ab4    0xc4  stm32f4xx_hal_cortex.o [1]
  .text              ro code   0x800'0b78   0x1e4  stm32f4xx_hal_gpio.o [1]
  .text              ro code   0x800'0d5c    0x66  ABImemset.o [4]
  .text              ro code   0x800'0dc4    0x34  stm32f4xx_hal.o [1]
  .text              ro code   0x800'0df8    0x80  gpio.o [1]
  .text              ro code   0x800'0e78    0x28  stm32f4xx_hal.o [1]
  .text              ro code   0x800'0ea0   0x310  stm32f4xx_hal_rcc.o [1]
  .text              ro code   0x800'11b0   0x180  stm32f4xx_hal_rcc.o [1]
  .text              ro code   0x800'1330    0x40  stm32f4xx_hal.o [1]
  .text              ro code   0x800'1370    0x38  stm32f4xx_hal_msp.o [1]
  .text              ro code   0x800'13a8     0xc  stm32f4xx_hal.o [1]
  .text              ro code   0x800'13b4   0x106  I64DivMod_small.o [4]
  .text              ro code   0x800'14bc     0x2  I64DivZer.o [4]
  .text              ro code   0x800'14be    0x38  packbits_init_single.o [4]
  .text              ro code   0x800'14f8    0x2c  system_stm32f4xx.o [1]
  .text              ro code   0x800'1524    0x28  data_init.o [4]
  .text              ro code   0x800'154c    0x22  fpinit_M.o [3]
  .iar.init_table    const     0x800'1570    0x10  - Linker created -
  .text              ro code   0x800'1580    0x20  stm32f4xx_it.o [1]
  .text              ro code   0x800'15a0    0x10  stm32f4xx_hal.o [1]
  .text              ro code   0x800'15b0    0x1e  cmain.o [4]
  .text              ro code   0x800'15ce     0x4  low_level_init.o [2]
  .text              ro code   0x800'15d2     0x4  exit.o [2]
  .text              ro code   0x800'15d8     0xa  cexit.o [4]
  .text              ro code   0x800'15e4    0x14  exit.o [5]
  .text              ro code   0x800'15f8    0x10  startup_stm32f405xx.o [1]
  .text              ro code   0x800'1608     0xc  cstartup_M.o [4]
  .text              ro code   0x800'1614     0x4  startup_stm32f405xx.o [1]
  .text              ro code   0x800'1618     0x4  startup_stm32f405xx.o [1]
  .text              ro code   0x800'161c     0x4  startup_stm32f405xx.o [1]
  .text              ro code   0x800'1620     0x4  startup_stm32f405xx.o [1]
  .text              ro code   0x800'1624     0x4  startup_stm32f405xx.o [1]
  .text              ro code   0x800'1628     0x4  startup_stm32f405xx.o [1]
  .text              ro code   0x800'162c     0x4  startup_stm32f405xx.o [1]
  .text              ro code   0x800'1630     0x4  startup_stm32f405xx.o [1]
  .text              ro code   0x800'1634     0x4  startup_stm32f405xx.o [1]
  .text              ro code   0x800'1638     0x4  startup_stm32f405xx.o [1]
  .text              ro code   0x800'163c     0x4  startup_stm32f405xx.o [1]
  .text              ro code   0x800'1640     0x4  startup_stm32f405xx.o [1]
  .text              ro code   0x800'1644     0x4  startup_stm32f405xx.o [1]
  .text              ro code   0x800'1648     0x4  startup_stm32f405xx.o [1]
  .text              ro code   0x800'164c     0x4  startup_stm32f405xx.o [1]
  .text              ro code   0x800'1650     0x4  startup_stm32f405xx.o [1]
  .text              ro code   0x800'1654     0x4  startup_stm32f405xx.o [1]
  .text              ro code   0x800'1658     0x4  startup_stm32f405xx.o [1]
  .text              ro code   0x800'165c     0x4  startup_stm32f405xx.o [1]
  .text              ro code   0x800'1660     0x4  startup_stm32f405xx.o [1]
  .text              ro code   0x800'1664     0x4  startup_stm32f405xx.o [1]
  .text              ro code   0x800'1668     0x4  startup_stm32f405xx.o [1]
  .text              ro code   0x800'166c     0x4  startup_stm32f405xx.o [1]
  .text              ro code   0x800'1670     0x4  startup_stm32f405xx.o [1]
  .text              ro code   0x800'1674     0x4  startup_stm32f405xx.o [1]
  .text              ro code   0x800'1678     0x4  startup_stm32f405xx.o [1]
  .text              ro code   0x800'167c     0x4  startup_stm32f405xx.o [1]
  .text              ro code   0x800'1680     0x4  startup_stm32f405xx.o [1]
  .text              ro code   0x800'1684     0x4  startup_stm32f405xx.o [1]
  .text              ro code   0x800'1688     0x4  startup_stm32f405xx.o [1]
  .text              ro code   0x800'168c     0x4  startup_stm32f405xx.o [1]
  .text              ro code   0x800'1690     0x4  startup_stm32f405xx.o [1]
  .text              ro code   0x800'1694     0x4  startup_stm32f405xx.o [1]
  .text              ro code   0x800'1698     0x4  startup_stm32f405xx.o [1]
  .text              ro code   0x800'169c     0x4  startup_stm32f405xx.o [1]
  .text              ro code   0x800'16a0     0x4  startup_stm32f405xx.o [1]
  .text              ro code   0x800'16a4     0x4  startup_stm32f405xx.o [1]
  .text              ro code   0x800'16a8     0x4  startup_stm32f405xx.o [1]
  .text              ro code   0x800'16ac     0x4  startup_stm32f405xx.o [1]
  .text              ro code   0x800'16b0     0x4  startup_stm32f405xx.o [1]
  .text              ro code   0x800'16b4     0x4  startup_stm32f405xx.o [1]
  .text              ro code   0x800'16b8     0x4  startup_stm32f405xx.o [1]
  .text              ro code   0x800'16bc     0x4  startup_stm32f405xx.o [1]
  .text              ro code   0x800'16c0     0x4  startup_stm32f405xx.o [1]
  .text              ro code   0x800'16c4     0x4  startup_stm32f405xx.o [1]
  .text              ro code   0x800'16c8     0x4  startup_stm32f405xx.o [1]
  .text              ro code   0x800'16cc     0x4  startup_stm32f405xx.o [1]
  .text              ro code   0x800'16d0     0x4  startup_stm32f405xx.o [1]
  .text              ro code   0x800'16d4     0x4  startup_stm32f405xx.o [1]
  .text              ro code   0x800'16d8     0x4  startup_stm32f405xx.o [1]
  .text              ro code   0x800'16dc     0x4  startup_stm32f405xx.o [1]
  .text              ro code   0x800'16e0     0x4  startup_stm32f405xx.o [1]
  .text              ro code   0x800'16e4     0x4  startup_stm32f405xx.o [1]
  .text              ro code   0x800'16e8     0x4  startup_stm32f405xx.o [1]
  .text              ro code   0x800'16ec     0x4  startup_stm32f405xx.o [1]
  .text              ro code   0x800'16f0     0x4  startup_stm32f405xx.o [1]
  .text              ro code   0x800'16f4     0x4  startup_stm32f405xx.o [1]
  .text              ro code   0x800'16f8     0x4  startup_stm32f405xx.o [1]
  .text              ro code   0x800'16fc     0x4  startup_stm32f405xx.o [1]
  .text              ro code   0x800'1700     0x4  startup_stm32f405xx.o [1]
  .text              ro code   0x800'1704     0x4  startup_stm32f405xx.o [1]
  .text              ro code   0x800'1708     0x4  startup_stm32f405xx.o [1]
  .text              ro code   0x800'170c     0x4  startup_stm32f405xx.o [1]
  .text              ro code   0x800'1710     0x4  startup_stm32f405xx.o [1]
  .text              ro code   0x800'1714     0x4  startup_stm32f405xx.o [1]
  .text              ro code   0x800'1718     0x4  startup_stm32f405xx.o [1]
  .text              ro code   0x800'171c     0x4  startup_stm32f405xx.o [1]
  .text              ro code   0x800'1720     0x4  startup_stm32f405xx.o [1]
  .text              ro code   0x800'1724     0x4  startup_stm32f405xx.o [1]
  .text              ro code   0x800'1728     0x4  startup_stm32f405xx.o [1]
  .text              ro code   0x800'172c     0x4  startup_stm32f405xx.o [1]
  .text              ro code   0x800'1730     0x4  startup_stm32f405xx.o [1]
  .text              ro code   0x800'1734     0x4  startup_stm32f405xx.o [1]
  .text              ro code   0x800'1738     0x4  startup_stm32f405xx.o [1]
  .text              ro code   0x800'173c     0x4  startup_stm32f405xx.o [1]
  .text              ro code   0x800'1740     0x4  startup_stm32f405xx.o [1]
  .text              ro code   0x800'1744     0x4  startup_stm32f405xx.o [1]
  .rodata            const     0x800'1748     0x0  packbits_init_single.o [4]
  Initializer bytes  const     0x800'1748     0xd  <for P2-1>
                             - 0x800'1755  0x15cd

"P2", part 1 of 2:                           0x50
  P2-1                        0x2000'0000    0x50  <Init block>
    .data            inited   0x2000'0000     0xc  stm32f4xx_hal.o [1]
    .data            inited   0x2000'000c     0x4  system_stm32f4xx.o [1]
    .bss             inited   0x2000'0010    0x40  tim.o [1]
                            - 0x2000'0050    0x50

"P2", part 2 of 2:                          0x400
  CSTACK                      0x2000'0050   0x400  <Block>
    CSTACK           uninit   0x2000'0050   0x400  <Block tail>
                            - 0x2000'0450   0x400

Unused ranges:

         From           To      Size
         ----           --      ----
   0x800'1755   0x80f'ffff  0xf'e8ab
  0x2000'0450  0x2001'ffff  0x1'fbb0


*******************************************************************************
*** INIT TABLE
***

          Address      Size
          -------      ----
Copy/packbits (__iar_packbits_init_single3)
    1 source range, total size 0xd (16% of destination):
           0x800'1748   0xd
    1 destination range, total size 0x50:
          0x2000'0000  0x50



*******************************************************************************
*** MODULE SUMMARY
***

    Module                  ro code  ro data  rw data
    ------                  -------  -------  -------
command line/config:
    -------------------------------------------------
    Total:

D:\PKNU2020\StudyCortex\DCMOTOR\PWM_DCMOTOR\EWARM\PWM_DCMOTOR\Obj: [1]
    gpio.o                      128
    main.o                      258
    startup_stm32f405xx.o       716
    stm32f4xx_hal.o             184        1       12
    stm32f4xx_hal_cortex.o      196
    stm32f4xx_hal_gpio.o        484
    stm32f4xx_hal_msp.o          56
    stm32f4xx_hal_rcc.o       1'168
    stm32f4xx_hal_tim.o       1'610
    stm32f4xx_hal_tim_ex.o      144
    stm32f4xx_it.o               32
    system_stm32f4xx.o           44        1        4
    tim.o                       312       11       64
    -------------------------------------------------
    Total:                    5'332       13       80

dl7M_tln.a: [2]
    exit.o                        4
    low_level_init.o              4
    -------------------------------------------------
    Total:                        8

m7M_tls.a: [3]
    fpinit_M.o                   34
    -------------------------------------------------
    Total:                       34

rt7M_tl.a: [4]
    ABImemset.o                 102
    I64DivMod_small.o           262
    I64DivZer.o                   2
    cexit.o                      10
    cmain.o                      30
    cstartup_M.o                 12
    data_init.o                  40
    memset.o                     20
    packbits_init_single.o       56
    -------------------------------------------------
    Total:                      534

shb_l.a: [5]
    exit.o                       20
    -------------------------------------------------
    Total:                       20

    Gaps                         14        2
    Linker created                        16    1'024
-----------------------------------------------------
    Grand Total:              5'942       31    1'104


*******************************************************************************
*** ENTRY LIST
***

Entry                       Address   Size  Type      Object
-----                       -------   ----  ----      ------
.iar.init_table$$Base    0x800'1570          --   Gb  - Linker created -
.iar.init_table$$Limit   0x800'1580          --   Gb  - Linker created -
?main                    0x800'15b1         Code  Gb  cmain.o [4]
AHBPrescTable            0x800'1514   0x10  Data  Gb  system_stm32f4xx.o [1]
BusFault_Handler         0x800'1587    0x2  Code  Gb  stm32f4xx_it.o [1]
CSTACK$$Base            0x2000'0050          --   Gb  - Linker created -
CSTACK$$Limit           0x2000'0450          --   Gb  - Linker created -
DebugMon_Handler         0x800'158d    0x2  Code  Gb  stm32f4xx_it.o [1]
Error_Handler            0x800'0a25    0x2  Code  Gb  main.o [1]
HAL_Delay                0x800'0e79   0x28  Code  Wk  stm32f4xx_hal.o [1]
HAL_GPIO_Init            0x800'0b79  0x1ae  Code  Gb  stm32f4xx_hal_gpio.o [1]
HAL_GPIO_WritePin        0x800'0d27    0x8  Code  Gb  stm32f4xx_hal_gpio.o [1]
HAL_GetTick              0x800'13a9    0xc  Code  Wk  stm32f4xx_hal.o [1]
HAL_IncTick              0x800'15a1   0x10  Code  Wk  stm32f4xx_hal.o [1]
HAL_Init                 0x800'0dc5   0x30  Code  Gb  stm32f4xx_hal.o [1]
HAL_InitTick             0x800'1331   0x40  Code  Wk  stm32f4xx_hal.o [1]
HAL_MspInit              0x800'1371   0x38  Code  Gb  stm32f4xx_hal_msp.o [1]
HAL_NVIC_EnableIRQ       0x800'0b23   0x16  Code  Gb  stm32f4xx_hal_cortex.o [1]
HAL_NVIC_SetPriority     0x800'0ae9   0x3a  Code  Gb  stm32f4xx_hal_cortex.o [1]
HAL_NVIC_SetPriorityGrouping
                         0x800'0acf   0x1a  Code  Gb  stm32f4xx_hal_cortex.o [1]
HAL_RCC_ClockConfig      0x800'11b1  0x100  Code  Gb  stm32f4xx_hal_rcc.o [1]
HAL_RCC_OscConfig        0x800'0ea1  0x310  Code  Wk  stm32f4xx_hal_rcc.o [1]
HAL_SYSTICK_Config       0x800'0b39   0x28  Code  Gb  stm32f4xx_hal_cortex.o [1]
HAL_TIMEx_BreakCallback
                         0x800'0909    0x2  Code  Wk  stm32f4xx_hal_tim_ex.o [1]
HAL_TIMEx_CommutCallback
                         0x800'090d    0x2  Code  Wk  stm32f4xx_hal_tim_ex.o [1]
HAL_TIMEx_MasterConfigSynchronization
                         0x800'0a29   0x6e  Code  Gb  stm32f4xx_hal_tim_ex.o [1]
HAL_TIM_Base_Init        0x800'0189   0x1a  Code  Gb  stm32f4xx_hal_tim.o [1]
HAL_TIM_Base_MspInit     0x800'086b   0x30  Code  Gb  tim.o [1]
HAL_TIM_ConfigClockSource
                         0x800'0469   0x90  Code  Gb  stm32f4xx_hal_tim.o [1]
HAL_TIM_IRQHandler       0x800'0231  0x142  Code  Gb  stm32f4xx_hal_tim.o [1]
HAL_TIM_MspPostInit      0x800'089b   0x48  Code  Gb  tim.o [1]
HAL_TIM_PWM_ConfigChannel
                         0x800'0379   0xbc  Code  Gb  stm32f4xx_hal_tim.o [1]
HAL_TIM_PWM_Init         0x800'01d7   0x1a  Code  Gb  stm32f4xx_hal_tim.o [1]
HAL_TIM_PWM_Start        0x800'01f1   0x14  Code  Gb  stm32f4xx_hal_tim.o [1]
HardFault_Handler        0x800'1583    0x2  Code  Gb  stm32f4xx_it.o [1]
MX_GPIO_Init             0x800'0df9   0x80  Code  Gb  gpio.o [1]
MX_TIM2_Init             0x800'07c9   0xa2  Code  Gb  tim.o [1]
MemManage_Handler        0x800'1585    0x2  Code  Gb  stm32f4xx_it.o [1]
NMI_Handler              0x800'1581    0x2  Code  Gb  stm32f4xx_it.o [1]
PendSV_Handler           0x800'158f    0x2  Code  Gb  stm32f4xx_it.o [1]
Region$$Table$$Base      0x800'1570          --   Gb  - Linker created -
Region$$Table$$Limit     0x800'1580          --   Gb  - Linker created -
SVC_Handler              0x800'158b    0x2  Code  Gb  stm32f4xx_it.o [1]
SysTick_Handler          0x800'1591    0x4  Code  Gb  stm32f4xx_it.o [1]
SystemClock_Config       0x800'097f   0x96  Code  Gb  main.o [1]
SystemCoreClock         0x2000'000c    0x4  Data  Gb  system_stm32f4xx.o [1]
SystemInit               0x800'14f9   0x14  Code  Gb  system_stm32f4xx.o [1]
TIM2_IRQHandler          0x800'1595    0x6  Code  Gb  stm32f4xx_it.o [1]
TIM_Base_SetConfig       0x800'0523   0x96  Code  Gb  stm32f4xx_hal_tim.o [1]
TIM_CCxChannelCmd        0x800'07ab   0x16  Code  Gb  stm32f4xx_hal_tim.o [1]
TIM_ETR_SetConfig        0x800'0797   0x14  Code  Gb  stm32f4xx_hal_tim.o [1]
TIM_ITRx_SetConfig       0x800'0787   0x10  Code  Lc  stm32f4xx_hal_tim.o [1]
TIM_OC1_SetConfig        0x800'05b9   0x58  Code  Lc  stm32f4xx_hal_tim.o [1]
TIM_OC2_SetConfig        0x800'0611   0x60  Code  Gb  stm32f4xx_hal_tim.o [1]
TIM_OC3_SetConfig        0x800'0671   0x5e  Code  Lc  stm32f4xx_hal_tim.o [1]
TIM_OC4_SetConfig        0x800'06cf   0x46  Code  Lc  stm32f4xx_hal_tim.o [1]
TIM_TI1_ConfigInputStage
                         0x800'0745   0x1e  Code  Lc  stm32f4xx_hal_tim.o [1]
TIM_TI2_ConfigInputStage
                         0x800'0763   0x24  Code  Lc  stm32f4xx_hal_tim.o [1]
UsageFault_Handler       0x800'1589    0x2  Code  Gb  stm32f4xx_it.o [1]
__NVIC_SetPriority       0x800'0ab5   0x1a  Code  Lc  stm32f4xx_hal_cortex.o [1]
__aeabi_ldiv0            0x800'14bd         Code  Gb  I64DivZer.o [4]
__aeabi_memset           0x800'0d5d         Code  Gb  ABImemset.o [4]
__cmain                  0x800'15b1         Code  Gb  cmain.o [4]
__exit                   0x800'15e5   0x14  Code  Gb  exit.o [5]
__iar_Memset             0x800'0d5d         Code  Gb  ABImemset.o [4]
__iar_Memset_word        0x800'0d65         Code  Gb  ABImemset.o [4]
__iar_data_init3         0x800'1525   0x28  Code  Gb  data_init.o [4]
__iar_init_vfp           0x800'154d         Code  Gb  fpinit_M.o [3]
__iar_packbits_init_single3
                         0x800'14bf   0x38  Code  Gb  packbits_init_single.o [4]
__iar_program_start      0x800'1609         Code  Gb  cstartup_M.o [4]
__iar_small_uldivmod     0x800'13b5         Code  Gb  I64DivMod_small.o [4]
__low_level_init         0x800'15cf    0x4  Code  Gb  low_level_init.o [2]
__vector_table           0x800'0000         Data  Gb  startup_stm32f405xx.o [1]
_call_main               0x800'15bd         Code  Gb  cmain.o [4]
_exit                    0x800'15d9         Code  Gb  cexit.o [4]
_main                    0x800'15cb         Code  Gb  cmain.o [4]
exit                     0x800'15d3    0x4  Code  Gb  exit.o [2]
htim2                   0x2000'0010   0x40  Data  Gb  tim.o [1]
main                     0x800'0925   0x46  Code  Gb  main.o [1]
memset                   0x800'0911   0x14  Code  Gb  memset.o [4]
uwTick                  0x2000'0004    0x4  Data  Gb  stm32f4xx_hal.o [1]
uwTickFreq              0x2000'0000    0x1  Data  Gb  stm32f4xx_hal.o [1]
uwTickPrio              0x2000'0008    0x4  Data  Gb  stm32f4xx_hal.o [1]


[1] = D:\PKNU2020\StudyCortex\DCMOTOR\PWM_DCMOTOR\EWARM\PWM_DCMOTOR\Obj
[2] = dl7M_tln.a
[3] = m7M_tls.a
[4] = rt7M_tl.a
[5] = shb_l.a

  5'942 bytes of readonly  code memory
     31 bytes of readonly  data memory
  1'104 bytes of readwrite data memory

Errors: none
Warnings: none
