###############################################################################
#
# IAR ELF Linker V8.50.4.261/W32 for ARM                  23/Jun/2020  12:06:53
# Copyright 2007-2020 IAR Systems AB.
#
#    Output file  =
#        D:\PKNU2020\StudyCortex\UART\UART_LED_FND_INT\EWARM\UART_LED_FND_INT\Exe\UART_LED_FND_INT.out
#    Map file     =
#        D:\PKNU2020\StudyCortex\UART\UART_LED_FND_INT\EWARM\UART_LED_FND_INT\List\UART_LED_FND_INT.map
#    Command line =
#        -f C:\Users\JSC\AppData\Local\Temp\EW442C.tmp
#        (D:\PKNU2020\StudyCortex\UART\UART_LED_FND_INT\EWARM\UART_LED_FND_INT\Obj\gpio.o
#        D:\PKNU2020\StudyCortex\UART\UART_LED_FND_INT\EWARM\UART_LED_FND_INT\Obj\main.o
#        D:\PKNU2020\StudyCortex\UART\UART_LED_FND_INT\EWARM\UART_LED_FND_INT\Obj\startup_stm32f405xx.o
#        D:\PKNU2020\StudyCortex\UART\UART_LED_FND_INT\EWARM\UART_LED_FND_INT\Obj\stm32f4xx_hal.o
#        D:\PKNU2020\StudyCortex\UART\UART_LED_FND_INT\EWARM\UART_LED_FND_INT\Obj\stm32f4xx_hal_cortex.o
#        D:\PKNU2020\StudyCortex\UART\UART_LED_FND_INT\EWARM\UART_LED_FND_INT\Obj\stm32f4xx_hal_dma.o
#        D:\PKNU2020\StudyCortex\UART\UART_LED_FND_INT\EWARM\UART_LED_FND_INT\Obj\stm32f4xx_hal_dma_ex.o
#        D:\PKNU2020\StudyCortex\UART\UART_LED_FND_INT\EWARM\UART_LED_FND_INT\Obj\stm32f4xx_hal_exti.o
#        D:\PKNU2020\StudyCortex\UART\UART_LED_FND_INT\EWARM\UART_LED_FND_INT\Obj\stm32f4xx_hal_flash.o
#        D:\PKNU2020\StudyCortex\UART\UART_LED_FND_INT\EWARM\UART_LED_FND_INT\Obj\stm32f4xx_hal_flash_ex.o
#        D:\PKNU2020\StudyCortex\UART\UART_LED_FND_INT\EWARM\UART_LED_FND_INT\Obj\stm32f4xx_hal_flash_ramfunc.o
#        D:\PKNU2020\StudyCortex\UART\UART_LED_FND_INT\EWARM\UART_LED_FND_INT\Obj\stm32f4xx_hal_gpio.o
#        D:\PKNU2020\StudyCortex\UART\UART_LED_FND_INT\EWARM\UART_LED_FND_INT\Obj\stm32f4xx_hal_msp.o
#        D:\PKNU2020\StudyCortex\UART\UART_LED_FND_INT\EWARM\UART_LED_FND_INT\Obj\stm32f4xx_hal_pwr.o
#        D:\PKNU2020\StudyCortex\UART\UART_LED_FND_INT\EWARM\UART_LED_FND_INT\Obj\stm32f4xx_hal_pwr_ex.o
#        D:\PKNU2020\StudyCortex\UART\UART_LED_FND_INT\EWARM\UART_LED_FND_INT\Obj\stm32f4xx_hal_rcc.o
#        D:\PKNU2020\StudyCortex\UART\UART_LED_FND_INT\EWARM\UART_LED_FND_INT\Obj\stm32f4xx_hal_rcc_ex.o
#        D:\PKNU2020\StudyCortex\UART\UART_LED_FND_INT\EWARM\UART_LED_FND_INT\Obj\stm32f4xx_hal_tim.o
#        D:\PKNU2020\StudyCortex\UART\UART_LED_FND_INT\EWARM\UART_LED_FND_INT\Obj\stm32f4xx_hal_tim_ex.o
#        D:\PKNU2020\StudyCortex\UART\UART_LED_FND_INT\EWARM\UART_LED_FND_INT\Obj\stm32f4xx_hal_uart.o
#        D:\PKNU2020\StudyCortex\UART\UART_LED_FND_INT\EWARM\UART_LED_FND_INT\Obj\stm32f4xx_it.o
#        D:\PKNU2020\StudyCortex\UART\UART_LED_FND_INT\EWARM\UART_LED_FND_INT\Obj\system_stm32f4xx.o
#        D:\PKNU2020\StudyCortex\UART\UART_LED_FND_INT\EWARM\UART_LED_FND_INT\Obj\usart.o
#        --redirect _Printf=_PrintfFull --redirect _Scanf=_ScanfFull
#        --no_out_extension -o
#        D:\PKNU2020\StudyCortex\UART\UART_LED_FND_INT\EWARM\UART_LED_FND_INT\Exe\UART_LED_FND_INT.out
#        --map
#        D:\PKNU2020\StudyCortex\UART\UART_LED_FND_INT\EWARM\UART_LED_FND_INT\List\UART_LED_FND_INT.map
#        --config
#        D:\PKNU2020\StudyCortex\UART\UART_LED_FND_INT\EWARM/stm32f405xx_flash.icf
#        --semihosting --entry __iar_program_start --vfe --text_out locale)
#
###############################################################################

*******************************************************************************
*** RUNTIME MODEL ATTRIBUTES
***

CppFlavor       = *
__SystemLibrary = DLib
__dlib_version  = 6


*******************************************************************************
*** HEAP SELECTION
***

The basic heap was selected because some modules are built with
size limitations (and not runtime checking), and --advanced_heap
was not specified.


*******************************************************************************
*** PLACEMENT SUMMARY
***

"A0":  place at address 0x800'0000 { ro section .intvec };
"P1":  place in [from 0x800'0000 to 0x80f'ffff] { ro };
define block CSTACK with size = 1K, alignment = 8 { };
define block HEAP with size = 512, alignment = 8 { };
"P2":  place in [from 0x2000'0000 to 0x2001'ffff] {
          rw, block CSTACK, block HEAP };
initialize by copy { rw };

  Section            Kind         Address    Size  Object
  -------            ----         -------    ----  ------
"A0":                                       0x188
  .intvec            ro code   0x800'0000   0x188  startup_stm32f405xx.o [1]
                             - 0x800'0188   0x188

"P1":                                      0x1551
  .text              ro code   0x800'0188   0x4ec  stm32f4xx_hal_uart.o [1]
  .text              ro code   0x800'0674    0xb4  usart.o [1]
  .text              ro code   0x800'0728     0xc  stm32f4xx_hal.o [1]
  .text              ro code   0x800'0734    0x24  stm32f4xx_hal_dma.o [1]
  .text              ro code   0x800'0758     0x2  stm32f4xx_hal_uart.o [1]
  .text              ro code   0x800'075a     0x2  stm32f4xx_hal_uart.o [1]
  .text              ro code   0x800'075c   0x23e  main.o [1]
  .text              ro code   0x800'099c   0x1ac  stm32f4xx_hal_rcc.o [1]
  .text              ro code   0x800'0b48   0x106  I64DivMod_small.o [4]
  .text              ro code   0x800'0c4e    0x14  memset.o [4]
  .text              ro code   0x800'0c64   0x1e4  stm32f4xx_hal_gpio.o [1]
  .text              ro code   0x800'0e48    0xc4  stm32f4xx_hal_cortex.o [1]
  .text              ro code   0x800'0f0c    0x34  stm32f4xx_hal.o [1]
  .text              ro code   0x800'0f40    0x80  gpio.o [1]
  .text              ro code   0x800'0fc0    0x18  ABImemcpy_small.o [4]
  .text              ro code   0x800'0fd8    0x28  stm32f4xx_hal.o [1]
  .text              ro code   0x800'1000   0x310  stm32f4xx_hal_rcc.o [1]
  .text              ro code   0x800'1310    0x40  stm32f4xx_hal.o [1]
  .text              ro code   0x800'1350     0x2  I64DivZer.o [4]
  .text              ro code   0x800'1354    0x66  ABImemset.o [4]
  .text              ro code   0x800'13bc    0x38  stm32f4xx_hal_msp.o [1]
  .rodata            const     0x800'13f4    0x48  main.o [1]
  .text              ro code   0x800'143c    0x38  packbits_init_single.o [4]
  .text              ro code   0x800'1474    0x2c  system_stm32f4xx.o [1]
  .text              ro code   0x800'14a0    0x28  data_init.o [4]
  .text              ro code   0x800'14c8    0x22  fpinit_M.o [3]
  .iar.init_table    const     0x800'14ec    0x10  - Linker created -
  .text              ro code   0x800'14fc    0x20  stm32f4xx_it.o [1]
  .text              ro code   0x800'151c    0x10  stm32f4xx_hal.o [1]
  .text              ro code   0x800'152c    0x1e  cmain.o [4]
  .text              ro code   0x800'154a     0x4  low_level_init.o [2]
  .text              ro code   0x800'154e     0x4  exit.o [2]
  .text              ro code   0x800'1554     0xa  cexit.o [4]
  .text              ro code   0x800'1560    0x14  exit.o [5]
  .text              ro code   0x800'1574    0x10  startup_stm32f405xx.o [1]
  .text              ro code   0x800'1584     0xc  cstartup_M.o [4]
  .rodata            const     0x800'1590     0x8  system_stm32f4xx.o [1]
  .text              ro code   0x800'1598     0x4  startup_stm32f405xx.o [1]
  .text              ro code   0x800'159c     0x4  startup_stm32f405xx.o [1]
  .text              ro code   0x800'15a0     0x4  startup_stm32f405xx.o [1]
  .text              ro code   0x800'15a4     0x4  startup_stm32f405xx.o [1]
  .text              ro code   0x800'15a8     0x4  startup_stm32f405xx.o [1]
  .text              ro code   0x800'15ac     0x4  startup_stm32f405xx.o [1]
  .text              ro code   0x800'15b0     0x4  startup_stm32f405xx.o [1]
  .text              ro code   0x800'15b4     0x4  startup_stm32f405xx.o [1]
  .text              ro code   0x800'15b8     0x4  startup_stm32f405xx.o [1]
  .text              ro code   0x800'15bc     0x4  startup_stm32f405xx.o [1]
  .text              ro code   0x800'15c0     0x4  startup_stm32f405xx.o [1]
  .text              ro code   0x800'15c4     0x4  startup_stm32f405xx.o [1]
  .text              ro code   0x800'15c8     0x4  startup_stm32f405xx.o [1]
  .text              ro code   0x800'15cc     0x4  startup_stm32f405xx.o [1]
  .text              ro code   0x800'15d0     0x4  startup_stm32f405xx.o [1]
  .text              ro code   0x800'15d4     0x4  startup_stm32f405xx.o [1]
  .text              ro code   0x800'15d8     0x4  startup_stm32f405xx.o [1]
  .text              ro code   0x800'15dc     0x4  startup_stm32f405xx.o [1]
  .text              ro code   0x800'15e0     0x4  startup_stm32f405xx.o [1]
  .text              ro code   0x800'15e4     0x4  startup_stm32f405xx.o [1]
  .text              ro code   0x800'15e8     0x4  startup_stm32f405xx.o [1]
  .text              ro code   0x800'15ec     0x4  startup_stm32f405xx.o [1]
  .text              ro code   0x800'15f0     0x4  startup_stm32f405xx.o [1]
  .text              ro code   0x800'15f4     0x4  startup_stm32f405xx.o [1]
  .text              ro code   0x800'15f8     0x4  startup_stm32f405xx.o [1]
  .text              ro code   0x800'15fc     0x4  startup_stm32f405xx.o [1]
  .text              ro code   0x800'1600     0x4  startup_stm32f405xx.o [1]
  .text              ro code   0x800'1604     0x4  startup_stm32f405xx.o [1]
  .text              ro code   0x800'1608     0x4  startup_stm32f405xx.o [1]
  .text              ro code   0x800'160c     0x4  startup_stm32f405xx.o [1]
  .text              ro code   0x800'1610     0x4  startup_stm32f405xx.o [1]
  .text              ro code   0x800'1614     0x4  startup_stm32f405xx.o [1]
  .text              ro code   0x800'1618     0x4  startup_stm32f405xx.o [1]
  .text              ro code   0x800'161c     0x4  startup_stm32f405xx.o [1]
  .text              ro code   0x800'1620     0x4  startup_stm32f405xx.o [1]
  .text              ro code   0x800'1624     0x4  startup_stm32f405xx.o [1]
  .text              ro code   0x800'1628     0x4  startup_stm32f405xx.o [1]
  .text              ro code   0x800'162c     0x4  startup_stm32f405xx.o [1]
  .text              ro code   0x800'1630     0x4  startup_stm32f405xx.o [1]
  .text              ro code   0x800'1634     0x4  startup_stm32f405xx.o [1]
  .text              ro code   0x800'1638     0x4  startup_stm32f405xx.o [1]
  .text              ro code   0x800'163c     0x4  startup_stm32f405xx.o [1]
  .text              ro code   0x800'1640     0x4  startup_stm32f405xx.o [1]
  .text              ro code   0x800'1644     0x4  startup_stm32f405xx.o [1]
  .text              ro code   0x800'1648     0x4  startup_stm32f405xx.o [1]
  .text              ro code   0x800'164c     0x4  startup_stm32f405xx.o [1]
  .text              ro code   0x800'1650     0x4  startup_stm32f405xx.o [1]
  .text              ro code   0x800'1654     0x4  startup_stm32f405xx.o [1]
  .text              ro code   0x800'1658     0x4  startup_stm32f405xx.o [1]
  .text              ro code   0x800'165c     0x4  startup_stm32f405xx.o [1]
  .text              ro code   0x800'1660     0x4  startup_stm32f405xx.o [1]
  .text              ro code   0x800'1664     0x4  startup_stm32f405xx.o [1]
  .text              ro code   0x800'1668     0x4  startup_stm32f405xx.o [1]
  .text              ro code   0x800'166c     0x4  startup_stm32f405xx.o [1]
  .text              ro code   0x800'1670     0x4  startup_stm32f405xx.o [1]
  .text              ro code   0x800'1674     0x4  startup_stm32f405xx.o [1]
  .text              ro code   0x800'1678     0x4  startup_stm32f405xx.o [1]
  .text              ro code   0x800'167c     0x4  startup_stm32f405xx.o [1]
  .text              ro code   0x800'1680     0x4  startup_stm32f405xx.o [1]
  .text              ro code   0x800'1684     0x4  startup_stm32f405xx.o [1]
  .text              ro code   0x800'1688     0x4  startup_stm32f405xx.o [1]
  .text              ro code   0x800'168c     0x4  startup_stm32f405xx.o [1]
  .text              ro code   0x800'1690     0x4  startup_stm32f405xx.o [1]
  .text              ro code   0x800'1694     0x4  startup_stm32f405xx.o [1]
  .text              ro code   0x800'1698     0x4  startup_stm32f405xx.o [1]
  .text              ro code   0x800'169c     0x4  startup_stm32f405xx.o [1]
  .text              ro code   0x800'16a0     0x4  startup_stm32f405xx.o [1]
  .text              ro code   0x800'16a4     0x4  startup_stm32f405xx.o [1]
  .text              ro code   0x800'16a8     0x4  startup_stm32f405xx.o [1]
  .text              ro code   0x800'16ac     0x4  startup_stm32f405xx.o [1]
  .text              ro code   0x800'16b0     0x4  startup_stm32f405xx.o [1]
  .text              ro code   0x800'16b4     0x4  startup_stm32f405xx.o [1]
  .text              ro code   0x800'16b8     0x4  startup_stm32f405xx.o [1]
  .text              ro code   0x800'16bc     0x4  startup_stm32f405xx.o [1]
  .text              ro code   0x800'16c0     0x4  startup_stm32f405xx.o [1]
  .text              ro code   0x800'16c4     0x4  startup_stm32f405xx.o [1]
  .text              ro code   0x800'16c8     0x4  startup_stm32f405xx.o [1]
  .rodata            const     0x800'16cc     0x0  packbits_init_single.o [4]
  Initializer bytes  const     0x800'16cc     0xd  <for P2-1>
                             - 0x800'16d9  0x1551

"P2", part 1 of 2:                           0x52
  P2-1                        0x2000'0000    0x52  <Init block>
    .data            inited   0x2000'0000     0xc  stm32f4xx_hal.o [1]
    .data            inited   0x2000'000c     0x4  system_stm32f4xx.o [1]
    .bss             inited   0x2000'0010    0x40  usart.o [1]
    .bss             inited   0x2000'0050     0x2  main.o [1]
                            - 0x2000'0052    0x52

"P2", part 2 of 2:                          0x400
  CSTACK                      0x2000'0058   0x400  <Block>
    CSTACK           uninit   0x2000'0058   0x400  <Block tail>
                            - 0x2000'0458   0x400

Unused ranges:

         From           To      Size
         ----           --      ----
   0x800'16d9   0x80f'ffff  0xf'e927
  0x2000'0052  0x2000'0057       0x6
  0x2000'0458  0x2001'ffff  0x1'fba8


*******************************************************************************
*** INIT TABLE
***

          Address      Size
          -------      ----
Copy/packbits (__iar_packbits_init_single3)
    1 source range, total size 0xd (15% of destination):
           0x800'16cc   0xd
    1 destination range, total size 0x52:
          0x2000'0000  0x52



*******************************************************************************
*** MODULE SUMMARY
***

    Module                  ro code  ro data  rw data
    ------                  -------  -------  -------
command line/config:
    -------------------------------------------------
    Total:

D:\PKNU2020\StudyCortex\UART\UART_LED_FND_INT\EWARM\UART_LED_FND_INT\Obj: [1]
    gpio.o                      128
    main.o                      574       73        2
    startup_stm32f405xx.o       716
    stm32f4xx_hal.o             184        1       12
    stm32f4xx_hal_cortex.o      196
    stm32f4xx_hal_dma.o          36
    stm32f4xx_hal_gpio.o        484
    stm32f4xx_hal_msp.o          56
    stm32f4xx_hal_rcc.o       1'212
    stm32f4xx_hal_uart.o      1'264
    stm32f4xx_it.o               32
    system_stm32f4xx.o           44        9        4
    usart.o                     180       10       64
    -------------------------------------------------
    Total:                    5'106       93       82

dl7M_tln.a: [2]
    exit.o                        4
    low_level_init.o              4
    -------------------------------------------------
    Total:                        8

m7M_tls.a: [3]
    fpinit_M.o                   34
    -------------------------------------------------
    Total:                       34

rt7M_tl.a: [4]
    ABImemcpy_small.o            24
    ABImemset.o                 102
    I64DivMod_small.o           262
    I64DivZer.o                   2
    cexit.o                      10
    cmain.o                      30
    cstartup_M.o                 12
    data_init.o                  40
    memset.o                     20
    packbits_init_single.o       56
    -------------------------------------------------
    Total:                      558

shb_l.a: [5]
    exit.o                       20
    -------------------------------------------------
    Total:                       20

    Gaps                         12        2
    Linker created                        16    1'024
-----------------------------------------------------
    Grand Total:              5'738      111    1'106


*******************************************************************************
*** ENTRY LIST
***

Entry                       Address   Size  Type      Object
-----                       -------   ----  ----      ------
.iar.init_table$$Base    0x800'14ec          --   Gb  - Linker created -
.iar.init_table$$Limit   0x800'14fc          --   Gb  - Linker created -
?main                    0x800'152d         Code  Gb  cmain.o [4]
AHBPrescTable            0x800'1490   0x10  Data  Gb  system_stm32f4xx.o [1]
APBPrescTable            0x800'1590    0x8  Data  Gb  system_stm32f4xx.o [1]
BusFault_Handler         0x800'1503    0x2  Code  Gb  stm32f4xx_it.o [1]
CSTACK$$Base            0x2000'0058          --   Gb  - Linker created -
CSTACK$$Limit           0x2000'0458          --   Gb  - Linker created -
CountData               0x2000'0051    0x1  Data  Gb  main.o [1]
DebugMon_Handler         0x800'1509    0x2  Code  Gb  stm32f4xx_it.o [1]
Error_Handler            0x800'0999    0x2  Code  Gb  main.o [1]
HAL_DMA_Abort_IT         0x800'0735   0x24  Code  Gb  stm32f4xx_hal_dma.o [1]
HAL_Delay                0x800'0fd9   0x28  Code  Wk  stm32f4xx_hal.o [1]
HAL_GPIO_Init            0x800'0c65  0x1ae  Code  Gb  stm32f4xx_hal_gpio.o [1]
HAL_GPIO_WritePin        0x800'0e13    0x8  Code  Gb  stm32f4xx_hal_gpio.o [1]
HAL_GetTick              0x800'0729    0xc  Code  Wk  stm32f4xx_hal.o [1]
HAL_IncTick              0x800'151d   0x10  Code  Wk  stm32f4xx_hal.o [1]
HAL_Init                 0x800'0f0d   0x30  Code  Gb  stm32f4xx_hal.o [1]
HAL_InitTick             0x800'1311   0x40  Code  Wk  stm32f4xx_hal.o [1]
HAL_MspInit              0x800'13bd   0x38  Code  Gb  stm32f4xx_hal_msp.o [1]
HAL_NVIC_EnableIRQ       0x800'0eb7   0x16  Code  Gb  stm32f4xx_hal_cortex.o [1]
HAL_NVIC_SetPriority     0x800'0e7d   0x3a  Code  Gb  stm32f4xx_hal_cortex.o [1]
HAL_NVIC_SetPriorityGrouping
                         0x800'0e63   0x1a  Code  Gb  stm32f4xx_hal_cortex.o [1]
HAL_RCC_ClockConfig      0x800'099d  0x100  Code  Gb  stm32f4xx_hal_rcc.o [1]
HAL_RCC_GetPCLK1Freq     0x800'0aa9   0x10  Code  Gb  stm32f4xx_hal_rcc.o [1]
HAL_RCC_GetPCLK2Freq     0x800'0ab9    0xe  Code  Gb  stm32f4xx_hal_rcc.o [1]
HAL_RCC_OscConfig        0x800'1001  0x310  Code  Wk  stm32f4xx_hal_rcc.o [1]
HAL_SYSTICK_Config       0x800'0ecd   0x28  Code  Gb  stm32f4xx_hal_cortex.o [1]
HAL_UART_IRQHandler      0x800'0313  0x15c  Code  Gb  stm32f4xx_hal_uart.o [1]
HAL_UART_Init            0x800'0189   0x1e  Code  Gb  stm32f4xx_hal_uart.o [1]
HAL_UART_MspInit         0x800'06a3   0x76  Code  Gb  usart.o [1]
HAL_UART_Receive_IT      0x800'02b1   0x56  Code  Gb  stm32f4xx_hal_uart.o [1]
HAL_UART_RxCpltCallback
                         0x800'0951   0x2c  Code  Gb  main.o [1]
HAL_UART_Transmit        0x800'01ff   0xaa  Code  Gb  stm32f4xx_hal_uart.o [1]
HardFault_Handler        0x800'14ff    0x2  Code  Gb  stm32f4xx_it.o [1]
MX_GPIO_Init             0x800'0f41   0x80  Code  Gb  gpio.o [1]
MX_USART1_UART_Init      0x800'0675   0x2e  Code  Gb  usart.o [1]
MemManage_Handler        0x800'1501    0x2  Code  Gb  stm32f4xx_it.o [1]
NMI_Handler              0x800'14fd    0x2  Code  Gb  stm32f4xx_it.o [1]
PendSV_Handler           0x800'150b    0x2  Code  Gb  stm32f4xx_it.o [1]
Region$$Table$$Base      0x800'14ec          --   Gb  - Linker created -
Region$$Table$$Limit     0x800'14fc          --   Gb  - Linker created -
SVC_Handler              0x800'1507    0x2  Code  Gb  stm32f4xx_it.o [1]
SysTick_Handler          0x800'150d    0x4  Code  Gb  stm32f4xx_it.o [1]
SystemClock_Config       0x800'08bb   0x96  Code  Gb  main.o [1]
SystemCoreClock         0x2000'000c    0x4  Data  Gb  system_stm32f4xx.o [1]
SystemInit               0x800'1475   0x14  Code  Gb  system_stm32f4xx.o [1]
UART_DMAAbortOnError     0x800'04f1    0xc  Code  Lc  stm32f4xx_hal_uart.o [1]
UART_EndRxTransfer       0x800'04d3   0x1c  Code  Lc  stm32f4xx_hal_uart.o [1]
UART_Receive_IT          0x800'04fd   0x92  Code  Lc  stm32f4xx_hal_uart.o [1]
UART_SetConfig           0x800'058f   0xca  Code  Lc  stm32f4xx_hal_uart.o [1]
UART_WaitOnFlagUntilTimeout
                         0x800'046f   0x56  Code  Lc  stm32f4xx_hal_uart.o [1]
USART1_IRQHandler        0x800'1511    0x6  Code  Gb  stm32f4xx_it.o [1]
UsageFault_Handler       0x800'1505    0x2  Code  Gb  stm32f4xx_it.o [1]
__NVIC_SetPriority       0x800'0e49   0x1a  Code  Lc  stm32f4xx_hal_cortex.o [1]
__aeabi_ldiv0            0x800'1351         Code  Gb  I64DivZer.o [4]
__aeabi_memset           0x800'1355         Code  Gb  ABImemset.o [4]
__cmain                  0x800'152d         Code  Gb  cmain.o [4]
__exit                   0x800'1561   0x14  Code  Gb  exit.o [5]
__iar_Memset             0x800'1355         Code  Gb  ABImemset.o [4]
__iar_Memset_word        0x800'135d         Code  Gb  ABImemset.o [4]
__iar_data_init3         0x800'14a1   0x28  Code  Gb  data_init.o [4]
__iar_init_vfp           0x800'14c9         Code  Gb  fpinit_M.o [3]
__iar_packbits_init_single3
                         0x800'143d   0x38  Code  Gb  packbits_init_single.o [4]
__iar_program_start      0x800'1585         Code  Gb  cstartup_M.o [4]
__iar_small_Memcpy       0x800'0fc5         Code  Gb  ABImemcpy_small.o [4]
__iar_small_memcpy       0x800'0fc1         Code  Gb  ABImemcpy_small.o [4]
__iar_small_memcpy4      0x800'0fc1         Code  Gb  ABImemcpy_small.o [4]
__iar_small_memcpy8      0x800'0fc1         Code  Gb  ABImemcpy_small.o [4]
__iar_small_uldivmod     0x800'0b49         Code  Gb  I64DivMod_small.o [4]
__low_level_init         0x800'154b    0x4  Code  Gb  low_level_init.o [2]
__vector_table           0x800'0000         Data  Gb  startup_stm32f405xx.o [1]
_call_main               0x800'1539         Code  Gb  cmain.o [4]
_exit                    0x800'1555         Code  Gb  cexit.o [4]
_main                    0x800'1547         Code  Gb  cmain.o [4]
exit                     0x800'154f    0x4  Code  Gb  exit.o [2]
huart1                  0x2000'0010   0x40  Data  Gb  usart.o [1]
main                     0x800'075d  0x140  Code  Gb  main.o [1]
memset                   0x800'0c4f   0x14  Code  Gb  memset.o [4]
rxData                  0x2000'0050    0x1  Data  Gb  main.o [1]
uwTick                  0x2000'0004    0x4  Data  Gb  stm32f4xx_hal.o [1]
uwTickFreq              0x2000'0000    0x1  Data  Gb  stm32f4xx_hal.o [1]
uwTickPrio              0x2000'0008    0x4  Data  Gb  stm32f4xx_hal.o [1]


[1] = D:\PKNU2020\StudyCortex\UART\UART_LED_FND_INT\EWARM\UART_LED_FND_INT\Obj
[2] = dl7M_tln.a
[3] = m7M_tls.a
[4] = rt7M_tl.a
[5] = shb_l.a

  5'738 bytes of readonly  code memory
    111 bytes of readonly  data memory
  1'106 bytes of readwrite data memory

Errors: none
Warnings: none
