###############################################################################
#
# IAR ELF Linker V8.50.4.261/W32 for ARM                  24/Jun/2020  13:23:27
# Copyright 2007-2020 IAR Systems AB.
#
#    Output file  =
#        D:\PKNU2020\StudyCortex\UART\UART_LCD\EWARM\UART_LCD\Exe\UART_LCD.out
#    Map file     =
#        D:\PKNU2020\StudyCortex\UART\UART_LCD\EWARM\UART_LCD\List\UART_LCD.map
#    Command line =
#        -f C:\Users\JSC\AppData\Local\Temp\EWBB68.tmp
#        (D:\PKNU2020\StudyCortex\UART\UART_LCD\EWARM\UART_LCD\Obj\gpio.o
#        D:\PKNU2020\StudyCortex\UART\UART_LCD\EWARM\UART_LCD\Obj\lcd.o
#        D:\PKNU2020\StudyCortex\UART\UART_LCD\EWARM\UART_LCD\Obj\main.o
#        D:\PKNU2020\StudyCortex\UART\UART_LCD\EWARM\UART_LCD\Obj\startup_stm32f405xx.o
#        D:\PKNU2020\StudyCortex\UART\UART_LCD\EWARM\UART_LCD\Obj\stm32f4xx_hal.o
#        D:\PKNU2020\StudyCortex\UART\UART_LCD\EWARM\UART_LCD\Obj\stm32f4xx_hal_cortex.o
#        D:\PKNU2020\StudyCortex\UART\UART_LCD\EWARM\UART_LCD\Obj\stm32f4xx_hal_dma.o
#        D:\PKNU2020\StudyCortex\UART\UART_LCD\EWARM\UART_LCD\Obj\stm32f4xx_hal_dma_ex.o
#        D:\PKNU2020\StudyCortex\UART\UART_LCD\EWARM\UART_LCD\Obj\stm32f4xx_hal_exti.o
#        D:\PKNU2020\StudyCortex\UART\UART_LCD\EWARM\UART_LCD\Obj\stm32f4xx_hal_flash.o
#        D:\PKNU2020\StudyCortex\UART\UART_LCD\EWARM\UART_LCD\Obj\stm32f4xx_hal_flash_ex.o
#        D:\PKNU2020\StudyCortex\UART\UART_LCD\EWARM\UART_LCD\Obj\stm32f4xx_hal_flash_ramfunc.o
#        D:\PKNU2020\StudyCortex\UART\UART_LCD\EWARM\UART_LCD\Obj\stm32f4xx_hal_gpio.o
#        D:\PKNU2020\StudyCortex\UART\UART_LCD\EWARM\UART_LCD\Obj\stm32f4xx_hal_msp.o
#        D:\PKNU2020\StudyCortex\UART\UART_LCD\EWARM\UART_LCD\Obj\stm32f4xx_hal_pwr.o
#        D:\PKNU2020\StudyCortex\UART\UART_LCD\EWARM\UART_LCD\Obj\stm32f4xx_hal_pwr_ex.o
#        D:\PKNU2020\StudyCortex\UART\UART_LCD\EWARM\UART_LCD\Obj\stm32f4xx_hal_rcc.o
#        D:\PKNU2020\StudyCortex\UART\UART_LCD\EWARM\UART_LCD\Obj\stm32f4xx_hal_rcc_ex.o
#        D:\PKNU2020\StudyCortex\UART\UART_LCD\EWARM\UART_LCD\Obj\stm32f4xx_hal_tim.o
#        D:\PKNU2020\StudyCortex\UART\UART_LCD\EWARM\UART_LCD\Obj\stm32f4xx_hal_tim_ex.o
#        D:\PKNU2020\StudyCortex\UART\UART_LCD\EWARM\UART_LCD\Obj\stm32f4xx_hal_uart.o
#        D:\PKNU2020\StudyCortex\UART\UART_LCD\EWARM\UART_LCD\Obj\stm32f4xx_it.o
#        D:\PKNU2020\StudyCortex\UART\UART_LCD\EWARM\UART_LCD\Obj\system_stm32f4xx.o
#        D:\PKNU2020\StudyCortex\UART\UART_LCD\EWARM\UART_LCD\Obj\usart.o
#        --redirect _Printf=_PrintfFull --redirect _Scanf=_ScanfFull
#        --no_out_extension -o
#        D:\PKNU2020\StudyCortex\UART\UART_LCD\EWARM\UART_LCD\Exe\UART_LCD.out
#        --map
#        D:\PKNU2020\StudyCortex\UART\UART_LCD\EWARM\UART_LCD\List\UART_LCD.map
#        --config
#        D:\PKNU2020\StudyCortex\UART\UART_LCD\EWARM/stm32f405xx_flash.icf
#        --semihosting --entry __iar_program_start --vfe --text_out locale)
#
###############################################################################

*******************************************************************************
*** RUNTIME MODEL ATTRIBUTES
***

CppFlavor       = *
__SystemLibrary = DLib
__dlib_version  = 6


*******************************************************************************
*** HEAP SELECTION
***

The basic heap was selected because some modules are built with
size limitations (and not runtime checking), and --advanced_heap
was not specified.


*******************************************************************************
*** PLACEMENT SUMMARY
***

"A0":  place at address 0x800'0000 { ro section .intvec };
"P1":  place in [from 0x800'0000 to 0x80f'ffff] { ro };
define block CSTACK with size = 1K, alignment = 8 { };
define block HEAP with size = 512, alignment = 8 { };
"P2":  place in [from 0x2000'0000 to 0x2001'ffff] {
          rw, block CSTACK, block HEAP };
initialize by copy { rw };

  Section            Kind         Address    Size  Object
  -------            ----         -------    ----  ------
"A0":                                       0x188
  .intvec            ro code   0x800'0000   0x188  startup_stm32f405xx.o [1]
                             - 0x800'0188   0x188

"P1":                                      0x1794
  .text              ro code   0x800'0188   0x4ec  stm32f4xx_hal_uart.o [1]
  .text              ro code   0x800'0674    0xb4  usart.o [1]
  .text              ro code   0x800'0728     0xc  stm32f4xx_hal.o [1]
  .text              ro code   0x800'0734    0x24  stm32f4xx_hal_dma.o [1]
  .text              ro code   0x800'0758     0x2  stm32f4xx_hal_uart.o [1]
  .text              ro code   0x800'075a     0x2  stm32f4xx_hal_uart.o [1]
  .text              ro code   0x800'075c   0x1a6  main.o [1]
  .text              ro code   0x800'0902    0x3a  zero_init3.o [4]
  .text              ro code   0x800'093c   0x1ac  stm32f4xx_hal_rcc.o [1]
  .text              ro code   0x800'0ae8   0x106  I64DivMod_small.o [4]
  .text              ro code   0x800'0bee    0x14  memset.o [4]
  .text              ro code   0x800'0c02    0x2e  copy_init3.o [4]
  .text              ro code   0x800'0c30   0x1e4  stm32f4xx_hal_gpio.o [1]
  .text              ro code   0x800'0e14    0xc4  stm32f4xx_hal_cortex.o [1]
  .text              ro code   0x800'0ed8    0x34  stm32f4xx_hal.o [1]
  .text              ro code   0x800'0f0c    0xb4  gpio.o [1]
  .text              ro code   0x800'0fc0   0x2b0  lcd.o [1]
  .text              ro code   0x800'1270     0x6  ABImemclr4.o [4]
  .text              ro code   0x800'1278   0x310  stm32f4xx_hal_rcc.o [1]
  .text              ro code   0x800'1588    0x40  stm32f4xx_hal.o [1]
  .text              ro code   0x800'15c8     0x2  I64DivZer.o [4]
  .text              ro code   0x800'15cc    0x66  ABImemset.o [4]
  .text              ro code   0x800'1634    0x38  stm32f4xx_hal_msp.o [1]
  .text              ro code   0x800'166c    0x32  ABImemset48.o [4]
  .text              ro code   0x800'16a0    0x2c  system_stm32f4xx.o [1]
  .text              ro code   0x800'16cc    0x28  data_init.o [4]
  .text              ro code   0x800'16f4    0x22  fpinit_M.o [3]
  .iar.init_table    const     0x800'1718    0x24  - Linker created -
  .text              ro code   0x800'173c    0x20  stm32f4xx_it.o [1]
  .text              ro code   0x800'175c    0x10  stm32f4xx_hal.o [1]
  .text              ro code   0x800'176c    0x1e  cmain.o [4]
  .text              ro code   0x800'178a     0x4  low_level_init.o [2]
  .text              ro code   0x800'178e     0x4  exit.o [2]
  .text              ro code   0x800'1794     0xa  cexit.o [4]
  .text              ro code   0x800'17a0    0x14  exit.o [5]
  .text              ro code   0x800'17b4    0x10  startup_stm32f405xx.o [1]
  Initializer bytes  const     0x800'17c4    0x10  <for P2-1>
  .text              ro code   0x800'17d4     0xc  cstartup_M.o [4]
  .rodata            const     0x800'17e0     0x8  system_stm32f4xx.o [1]
  .text              ro code   0x800'17e8     0x4  startup_stm32f405xx.o [1]
  .text              ro code   0x800'17ec     0x4  startup_stm32f405xx.o [1]
  .text              ro code   0x800'17f0     0x4  startup_stm32f405xx.o [1]
  .text              ro code   0x800'17f4     0x4  startup_stm32f405xx.o [1]
  .text              ro code   0x800'17f8     0x4  startup_stm32f405xx.o [1]
  .text              ro code   0x800'17fc     0x4  startup_stm32f405xx.o [1]
  .text              ro code   0x800'1800     0x4  startup_stm32f405xx.o [1]
  .text              ro code   0x800'1804     0x4  startup_stm32f405xx.o [1]
  .text              ro code   0x800'1808     0x4  startup_stm32f405xx.o [1]
  .text              ro code   0x800'180c     0x4  startup_stm32f405xx.o [1]
  .text              ro code   0x800'1810     0x4  startup_stm32f405xx.o [1]
  .text              ro code   0x800'1814     0x4  startup_stm32f405xx.o [1]
  .text              ro code   0x800'1818     0x4  startup_stm32f405xx.o [1]
  .text              ro code   0x800'181c     0x4  startup_stm32f405xx.o [1]
  .text              ro code   0x800'1820     0x4  startup_stm32f405xx.o [1]
  .text              ro code   0x800'1824     0x4  startup_stm32f405xx.o [1]
  .text              ro code   0x800'1828     0x4  startup_stm32f405xx.o [1]
  .text              ro code   0x800'182c     0x4  startup_stm32f405xx.o [1]
  .text              ro code   0x800'1830     0x4  startup_stm32f405xx.o [1]
  .text              ro code   0x800'1834     0x4  startup_stm32f405xx.o [1]
  .text              ro code   0x800'1838     0x4  startup_stm32f405xx.o [1]
  .text              ro code   0x800'183c     0x4  startup_stm32f405xx.o [1]
  .text              ro code   0x800'1840     0x4  startup_stm32f405xx.o [1]
  .text              ro code   0x800'1844     0x4  startup_stm32f405xx.o [1]
  .text              ro code   0x800'1848     0x4  startup_stm32f405xx.o [1]
  .text              ro code   0x800'184c     0x4  startup_stm32f405xx.o [1]
  .text              ro code   0x800'1850     0x4  startup_stm32f405xx.o [1]
  .text              ro code   0x800'1854     0x4  startup_stm32f405xx.o [1]
  .text              ro code   0x800'1858     0x4  startup_stm32f405xx.o [1]
  .text              ro code   0x800'185c     0x4  startup_stm32f405xx.o [1]
  .text              ro code   0x800'1860     0x4  startup_stm32f405xx.o [1]
  .text              ro code   0x800'1864     0x4  startup_stm32f405xx.o [1]
  .text              ro code   0x800'1868     0x4  startup_stm32f405xx.o [1]
  .text              ro code   0x800'186c     0x4  startup_stm32f405xx.o [1]
  .text              ro code   0x800'1870     0x4  startup_stm32f405xx.o [1]
  .text              ro code   0x800'1874     0x4  startup_stm32f405xx.o [1]
  .text              ro code   0x800'1878     0x4  startup_stm32f405xx.o [1]
  .text              ro code   0x800'187c     0x4  startup_stm32f405xx.o [1]
  .text              ro code   0x800'1880     0x4  startup_stm32f405xx.o [1]
  .text              ro code   0x800'1884     0x4  startup_stm32f405xx.o [1]
  .text              ro code   0x800'1888     0x4  startup_stm32f405xx.o [1]
  .text              ro code   0x800'188c     0x4  startup_stm32f405xx.o [1]
  .text              ro code   0x800'1890     0x4  startup_stm32f405xx.o [1]
  .text              ro code   0x800'1894     0x4  startup_stm32f405xx.o [1]
  .text              ro code   0x800'1898     0x4  startup_stm32f405xx.o [1]
  .text              ro code   0x800'189c     0x4  startup_stm32f405xx.o [1]
  .text              ro code   0x800'18a0     0x4  startup_stm32f405xx.o [1]
  .text              ro code   0x800'18a4     0x4  startup_stm32f405xx.o [1]
  .text              ro code   0x800'18a8     0x4  startup_stm32f405xx.o [1]
  .text              ro code   0x800'18ac     0x4  startup_stm32f405xx.o [1]
  .text              ro code   0x800'18b0     0x4  startup_stm32f405xx.o [1]
  .text              ro code   0x800'18b4     0x4  startup_stm32f405xx.o [1]
  .text              ro code   0x800'18b8     0x4  startup_stm32f405xx.o [1]
  .text              ro code   0x800'18bc     0x4  startup_stm32f405xx.o [1]
  .text              ro code   0x800'18c0     0x4  startup_stm32f405xx.o [1]
  .text              ro code   0x800'18c4     0x4  startup_stm32f405xx.o [1]
  .text              ro code   0x800'18c8     0x4  startup_stm32f405xx.o [1]
  .text              ro code   0x800'18cc     0x4  startup_stm32f405xx.o [1]
  .text              ro code   0x800'18d0     0x4  startup_stm32f405xx.o [1]
  .text              ro code   0x800'18d4     0x4  startup_stm32f405xx.o [1]
  .text              ro code   0x800'18d8     0x4  startup_stm32f405xx.o [1]
  .text              ro code   0x800'18dc     0x4  startup_stm32f405xx.o [1]
  .text              ro code   0x800'18e0     0x4  startup_stm32f405xx.o [1]
  .text              ro code   0x800'18e4     0x4  startup_stm32f405xx.o [1]
  .text              ro code   0x800'18e8     0x4  startup_stm32f405xx.o [1]
  .text              ro code   0x800'18ec     0x4  startup_stm32f405xx.o [1]
  .text              ro code   0x800'18f0     0x4  startup_stm32f405xx.o [1]
  .text              ro code   0x800'18f4     0x4  startup_stm32f405xx.o [1]
  .text              ro code   0x800'18f8     0x4  startup_stm32f405xx.o [1]
  .text              ro code   0x800'18fc     0x4  startup_stm32f405xx.o [1]
  .text              ro code   0x800'1900     0x4  startup_stm32f405xx.o [1]
  .text              ro code   0x800'1904     0x4  startup_stm32f405xx.o [1]
  .text              ro code   0x800'1908     0x4  startup_stm32f405xx.o [1]
  .text              ro code   0x800'190c     0x4  startup_stm32f405xx.o [1]
  .text              ro code   0x800'1910     0x4  startup_stm32f405xx.o [1]
  .text              ro code   0x800'1914     0x4  startup_stm32f405xx.o [1]
  .text              ro code   0x800'1918     0x4  startup_stm32f405xx.o [1]
  .rodata            const     0x800'191c     0x0  zero_init3.o [4]
  .rodata            const     0x800'191c     0x0  copy_init3.o [4]
                             - 0x800'191c  0x1794

"P2", part 1 of 3:                           0x10
  P2-1                        0x2000'0000    0x10  <Init block>
    .data            inited   0x2000'0000     0xc  stm32f4xx_hal.o [1]
    .data            inited   0x2000'000c     0x4  system_stm32f4xx.o [1]
                            - 0x2000'0010    0x10

"P2", part 2 of 3:                           0x60
  .bss               zero     0x2000'0010    0x40  usart.o [1]
  .bss               zero     0x2000'0050    0x20  main.o [1]
                            - 0x2000'0070    0x60

"P2", part 3 of 3:                          0x400
  CSTACK                      0x2000'0070   0x400  <Block>
    CSTACK           uninit   0x2000'0070   0x400  <Block tail>
                            - 0x2000'0470   0x400

Unused ranges:

         From           To      Size
         ----           --      ----
   0x800'191c   0x80f'ffff  0xf'e6e4
  0x2000'0470  0x2001'ffff  0x1'fb90


*******************************************************************************
*** INIT TABLE
***

          Address      Size
          -------      ----
Zero (__iar_zero_init3)
    1 destination range, total size 0x60:
          0x2000'0010  0x60

Copy (__iar_copy_init3)
    1 source range, total size 0x10:
           0x800'17c4  0x10
    1 destination range, total size 0x10:
          0x2000'0000  0x10



*******************************************************************************
*** MODULE SUMMARY
***

    Module                  ro code  ro data  rw data
    ------                  -------  -------  -------
command line/config:
    -------------------------------------------------
    Total:

D:\PKNU2020\StudyCortex\UART\UART_LCD\EWARM\UART_LCD\Obj: [1]
    gpio.o                      180
    lcd.o                       688
    main.o                      422                32
    startup_stm32f405xx.o       716
    stm32f4xx_hal.o             144       12       12
    stm32f4xx_hal_cortex.o      196
    stm32f4xx_hal_dma.o          36
    stm32f4xx_hal_gpio.o        484
    stm32f4xx_hal_msp.o          56
    stm32f4xx_hal_rcc.o       1'212
    stm32f4xx_hal_uart.o      1'264
    stm32f4xx_it.o               32
    system_stm32f4xx.o           44       12        4
    usart.o                     180                64
    -------------------------------------------------
    Total:                    5'654       24      112

dl7M_tlf.a: [2]
    exit.o                        4
    low_level_init.o              4
    -------------------------------------------------
    Total:                        8

m7M_tls.a: [3]
    fpinit_M.o                   34
    -------------------------------------------------
    Total:                       34

rt7M_tl.a: [4]
    ABImemclr4.o                  6
    ABImemset.o                 102
    ABImemset48.o                50
    I64DivMod_small.o           262
    I64DivZer.o                   2
    cexit.o                      10
    cmain.o                      30
    copy_init3.o                 46
    cstartup_M.o                 12
    data_init.o                  40
    memset.o                     20
    zero_init3.o                 58
    -------------------------------------------------
    Total:                      638

shb_l.a: [5]
    exit.o                       20
    -------------------------------------------------
    Total:                       20

    Gaps                         12        2
    Linker created                        36    1'024
-----------------------------------------------------
    Grand Total:              6'366       62    1'136


*******************************************************************************
*** ENTRY LIST
***

Entry                       Address   Size  Type      Object
-----                       -------   ----  ----      ------
.iar.init_table$$Base    0x800'1718          --   Gb  - Linker created -
.iar.init_table$$Limit   0x800'173c          --   Gb  - Linker created -
?main                    0x800'176d         Code  Gb  cmain.o [4]
AHBPrescTable            0x800'16bc   0x10  Data  Gb  system_stm32f4xx.o [1]
APBPrescTable            0x800'17e0    0x8  Data  Gb  system_stm32f4xx.o [1]
BusFault_Handler         0x800'1743    0x2  Code  Gb  stm32f4xx_it.o [1]
CSTACK$$Base            0x2000'0070          --   Gb  - Linker created -
CSTACK$$Limit           0x2000'0470          --   Gb  - Linker created -
DebugMon_Handler         0x800'1749    0x2  Code  Gb  stm32f4xx_it.o [1]
Error_Handler            0x800'0901    0x2  Code  Gb  main.o [1]
HAL_DMA_Abort_IT         0x800'0735   0x24  Code  Gb  stm32f4xx_hal_dma.o [1]
HAL_GPIO_Init            0x800'0c31  0x1ae  Code  Gb  stm32f4xx_hal_gpio.o [1]
HAL_GPIO_WritePin        0x800'0ddf    0x8  Code  Gb  stm32f4xx_hal_gpio.o [1]
HAL_GetTick              0x800'0729    0xc  Code  Wk  stm32f4xx_hal.o [1]
HAL_IncTick              0x800'175d   0x10  Code  Wk  stm32f4xx_hal.o [1]
HAL_Init                 0x800'0ed9   0x30  Code  Gb  stm32f4xx_hal.o [1]
HAL_InitTick             0x800'1589   0x40  Code  Wk  stm32f4xx_hal.o [1]
HAL_MspInit              0x800'1635   0x38  Code  Gb  stm32f4xx_hal_msp.o [1]
HAL_NVIC_EnableIRQ       0x800'0e83   0x16  Code  Gb  stm32f4xx_hal_cortex.o [1]
HAL_NVIC_SetPriority     0x800'0e49   0x3a  Code  Gb  stm32f4xx_hal_cortex.o [1]
HAL_NVIC_SetPriorityGrouping
                         0x800'0e2f   0x1a  Code  Gb  stm32f4xx_hal_cortex.o [1]
HAL_RCC_ClockConfig      0x800'093d  0x100  Code  Gb  stm32f4xx_hal_rcc.o [1]
HAL_RCC_GetPCLK1Freq     0x800'0a49   0x10  Code  Gb  stm32f4xx_hal_rcc.o [1]
HAL_RCC_GetPCLK2Freq     0x800'0a59    0xe  Code  Gb  stm32f4xx_hal_rcc.o [1]
HAL_RCC_OscConfig        0x800'1279  0x310  Code  Wk  stm32f4xx_hal_rcc.o [1]
HAL_SYSTICK_Config       0x800'0e99   0x28  Code  Gb  stm32f4xx_hal_cortex.o [1]
HAL_UART_IRQHandler      0x800'0313  0x15c  Code  Gb  stm32f4xx_hal_uart.o [1]
HAL_UART_Init            0x800'0189   0x1e  Code  Gb  stm32f4xx_hal_uart.o [1]
HAL_UART_MspInit         0x800'06a3   0x76  Code  Gb  usart.o [1]
HAL_UART_Receive_IT      0x800'02b1   0x56  Code  Gb  stm32f4xx_hal_uart.o [1]
HAL_UART_RxCpltCallback
                         0x800'0887   0x64  Code  Gb  main.o [1]
HAL_UART_Transmit        0x800'01ff   0xaa  Code  Gb  stm32f4xx_hal_uart.o [1]
HardFault_Handler        0x800'173f    0x2  Code  Gb  stm32f4xx_it.o [1]
MX_GPIO_Init             0x800'0f0d   0x96  Code  Gb  gpio.o [1]
MX_USART1_UART_Init      0x800'0675   0x2e  Code  Gb  usart.o [1]
MemManage_Handler        0x800'1741    0x2  Code  Gb  stm32f4xx_it.o [1]
NMI_Handler              0x800'173d    0x2  Code  Gb  stm32f4xx_it.o [1]
PendSV_Handler           0x800'174b    0x2  Code  Gb  stm32f4xx_it.o [1]
Region$$Table$$Base      0x800'1718          --   Gb  - Linker created -
Region$$Table$$Limit     0x800'173c          --   Gb  - Linker created -
SVC_Handler              0x800'1747    0x2  Code  Gb  stm32f4xx_it.o [1]
SysTick_Handler          0x800'174d    0x4  Code  Gb  stm32f4xx_it.o [1]
SystemClock_Config       0x800'07f5   0x92  Code  Gb  main.o [1]
SystemCoreClock         0x2000'000c    0x4  Data  Gb  system_stm32f4xx.o [1]
SystemInit               0x800'16a1   0x14  Code  Gb  system_stm32f4xx.o [1]
UART_DMAAbortOnError     0x800'04f1    0xc  Code  Lc  stm32f4xx_hal_uart.o [1]
UART_EndRxTransfer       0x800'04d3   0x1c  Code  Lc  stm32f4xx_hal_uart.o [1]
UART_Receive_IT          0x800'04fd   0x92  Code  Lc  stm32f4xx_hal_uart.o [1]
UART_SetConfig           0x800'058f   0xca  Code  Lc  stm32f4xx_hal_uart.o [1]
UART_WaitOnFlagUntilTimeout
                         0x800'046f   0x56  Code  Lc  stm32f4xx_hal_uart.o [1]
USART1_IRQHandler        0x800'1751    0x6  Code  Gb  stm32f4xx_it.o [1]
UsageFault_Handler       0x800'1745    0x2  Code  Gb  stm32f4xx_it.o [1]
__NVIC_SetPriority       0x800'0e15   0x1a  Code  Lc  stm32f4xx_hal_cortex.o [1]
__aeabi_ldiv0            0x800'15c9         Code  Gb  I64DivZer.o [4]
__aeabi_memclr4          0x800'1271         Code  Gb  ABImemclr4.o [4]
__aeabi_memset           0x800'15cd         Code  Gb  ABImemset.o [4]
__cmain                  0x800'176d         Code  Gb  cmain.o [4]
__exit                   0x800'17a1   0x14  Code  Gb  exit.o [5]
__iar_Memset             0x800'15cd         Code  Gb  ABImemset.o [4]
__iar_Memset4_word       0x800'166d         Code  Gb  ABImemset48.o [4]
__iar_Memset8_word       0x800'166d         Code  Gb  ABImemset48.o [4]
__iar_Memset_word        0x800'15d5         Code  Gb  ABImemset.o [4]
__iar_copy_init3         0x800'0c03   0x2e  Code  Gb  copy_init3.o [4]
__iar_data_init3         0x800'16cd   0x28  Code  Gb  data_init.o [4]
__iar_init_vfp           0x800'16f5         Code  Gb  fpinit_M.o [3]
__iar_program_start      0x800'17d5         Code  Gb  cstartup_M.o [4]
__iar_small_uldivmod     0x800'0ae9         Code  Gb  I64DivMod_small.o [4]
__iar_zero_init3         0x800'0903   0x3a  Code  Gb  zero_init3.o [4]
__low_level_init         0x800'178b    0x4  Code  Gb  low_level_init.o [2]
__vector_table           0x800'0000         Data  Gb  startup_stm32f405xx.o [1]
_call_main               0x800'1779         Code  Gb  cmain.o [4]
_exit                    0x800'1795         Code  Gb  cexit.o [4]
_main                    0x800'1787         Code  Gb  cmain.o [4]
ch                      0x2000'0051    0x1  Data  Gb  main.o [1]
exit                     0x800'178f    0x4  Code  Gb  exit.o [2]
huart1                  0x2000'0010   0x40  Data  Gb  usart.o [1]
i                       0x2000'0052    0x1  Data  Gb  main.o [1]
j                       0x2000'0053    0x1  Data  Gb  main.o [1]
k                       0x2000'0054    0x1  Data  Gb  main.o [1]
lcdControlWrite          0x800'118f    0xc  Code  Gb  lcd.o [1]
lcdDataWrite             0x800'119b   0x12  Code  Gb  lcd.o [1]
lcdGotoXY                0x800'1253   0x1e  Code  Gb  lcd.o [1]
lcdInit                  0x800'1221   0x32  Code  Gb  lcd.o [1]
lcdInitHW                0x800'112d   0x62  Code  Gb  lcd.o [1]
lcdmDelay                0x800'110f   0x1e  Code  Lc  lcd.o [1]
lcduDelay                0x800'0fc1  0x14e  Code  Lc  lcd.o [1]
main                     0x800'075d   0x98  Code  Gb  main.o [1]
max                     0x2000'0055    0x1  Data  Gb  main.o [1]
max1                    0x2000'0056    0x1  Data  Gb  main.o [1]
memset                   0x800'0bef   0x14  Code  Gb  memset.o [4]
rxData                  0x2000'0050    0x1  Data  Gb  main.o [1]
text                    0x2000'0058    0xc  Data  Gb  main.o [1]
text1                   0x2000'0064    0xc  Data  Gb  main.o [1]
uwTick                  0x2000'0004    0x4  Data  Gb  stm32f4xx_hal.o [1]
uwTickFreq              0x2000'0000    0x1  Data  Gb  stm32f4xx_hal.o [1]
uwTickPrio              0x2000'0008    0x4  Data  Gb  stm32f4xx_hal.o [1]


[1] = D:\PKNU2020\StudyCortex\UART\UART_LCD\EWARM\UART_LCD\Obj
[2] = dl7M_tlf.a
[3] = m7M_tls.a
[4] = rt7M_tl.a
[5] = shb_l.a

  6'366 bytes of readonly  code memory
     62 bytes of readonly  data memory
  1'136 bytes of readwrite data memory

Errors: none
Warnings: none
